Archive member included because of file (symbol)

/Applications/KDS_v3.app/Contents/toolchain/bin/../lib/gcc/arm-none-eabi/4.8.4/../../../../arm-none-eabi/lib/armv7e-m/fpu/libm.a(lib_a-s_modf.o)
                              ./utilities/fsl_debug_console.o (modf)
/Applications/KDS_v3.app/Contents/toolchain/bin/../lib/gcc/arm-none-eabi/4.8.4/../../../../arm-none-eabi/lib/armv7e-m/fpu/libm.a(lib_a-w_pow.o)
                              ./utilities/fsl_debug_console.o (pow)
/Applications/KDS_v3.app/Contents/toolchain/bin/../lib/gcc/arm-none-eabi/4.8.4/../../../../arm-none-eabi/lib/armv7e-m/fpu/libm.a(lib_a-e_pow.o)
                              /Applications/KDS_v3.app/Contents/toolchain/bin/../lib/gcc/arm-none-eabi/4.8.4/../../../../arm-none-eabi/lib/armv7e-m/fpu/libm.a(lib_a-w_pow.o) (__ieee754_pow)
/Applications/KDS_v3.app/Contents/toolchain/bin/../lib/gcc/arm-none-eabi/4.8.4/../../../../arm-none-eabi/lib/armv7e-m/fpu/libm.a(lib_a-e_sqrt.o)
                              /Applications/KDS_v3.app/Contents/toolchain/bin/../lib/gcc/arm-none-eabi/4.8.4/../../../../arm-none-eabi/lib/armv7e-m/fpu/libm.a(lib_a-e_pow.o) (__ieee754_sqrt)
/Applications/KDS_v3.app/Contents/toolchain/bin/../lib/gcc/arm-none-eabi/4.8.4/../../../../arm-none-eabi/lib/armv7e-m/fpu/libm.a(lib_a-s_fabs.o)
                              /Applications/KDS_v3.app/Contents/toolchain/bin/../lib/gcc/arm-none-eabi/4.8.4/../../../../arm-none-eabi/lib/armv7e-m/fpu/libm.a(lib_a-e_pow.o) (fabs)
/Applications/KDS_v3.app/Contents/toolchain/bin/../lib/gcc/arm-none-eabi/4.8.4/../../../../arm-none-eabi/lib/armv7e-m/fpu/libm.a(lib_a-s_finite.o)
                              /Applications/KDS_v3.app/Contents/toolchain/bin/../lib/gcc/arm-none-eabi/4.8.4/../../../../arm-none-eabi/lib/armv7e-m/fpu/libm.a(lib_a-w_pow.o) (finite)
/Applications/KDS_v3.app/Contents/toolchain/bin/../lib/gcc/arm-none-eabi/4.8.4/../../../../arm-none-eabi/lib/armv7e-m/fpu/libm.a(lib_a-s_fpclassify.o)
                              /Applications/KDS_v3.app/Contents/toolchain/bin/../lib/gcc/arm-none-eabi/4.8.4/../../../../arm-none-eabi/lib/armv7e-m/fpu/libm.a(lib_a-w_pow.o) (__fpclassifyd)
/Applications/KDS_v3.app/Contents/toolchain/bin/../lib/gcc/arm-none-eabi/4.8.4/../../../../arm-none-eabi/lib/armv7e-m/fpu/libm.a(lib_a-s_lib_ver.o)
                              /Applications/KDS_v3.app/Contents/toolchain/bin/../lib/gcc/arm-none-eabi/4.8.4/../../../../arm-none-eabi/lib/armv7e-m/fpu/libm.a(lib_a-w_pow.o) (__fdlib_version)
/Applications/KDS_v3.app/Contents/toolchain/bin/../lib/gcc/arm-none-eabi/4.8.4/../../../../arm-none-eabi/lib/armv7e-m/fpu/libm.a(lib_a-s_matherr.o)
                              /Applications/KDS_v3.app/Contents/toolchain/bin/../lib/gcc/arm-none-eabi/4.8.4/../../../../arm-none-eabi/lib/armv7e-m/fpu/libm.a(lib_a-w_pow.o) (matherr)
/Applications/KDS_v3.app/Contents/toolchain/bin/../lib/gcc/arm-none-eabi/4.8.4/../../../../arm-none-eabi/lib/armv7e-m/fpu/libm.a(lib_a-s_nan.o)
                              /Applications/KDS_v3.app/Contents/toolchain/bin/../lib/gcc/arm-none-eabi/4.8.4/../../../../arm-none-eabi/lib/armv7e-m/fpu/libm.a(lib_a-e_pow.o) (nan)
/Applications/KDS_v3.app/Contents/toolchain/bin/../lib/gcc/arm-none-eabi/4.8.4/../../../../arm-none-eabi/lib/armv7e-m/fpu/libm.a(lib_a-s_rint.o)
                              /Applications/KDS_v3.app/Contents/toolchain/bin/../lib/gcc/arm-none-eabi/4.8.4/../../../../arm-none-eabi/lib/armv7e-m/fpu/libm.a(lib_a-w_pow.o) (rint)
/Applications/KDS_v3.app/Contents/toolchain/bin/../lib/gcc/arm-none-eabi/4.8.4/../../../../arm-none-eabi/lib/armv7e-m/fpu/libm.a(lib_a-s_scalbn.o)
                              /Applications/KDS_v3.app/Contents/toolchain/bin/../lib/gcc/arm-none-eabi/4.8.4/../../../../arm-none-eabi/lib/armv7e-m/fpu/libm.a(lib_a-e_pow.o) (scalbn)
/Applications/KDS_v3.app/Contents/toolchain/bin/../lib/gcc/arm-none-eabi/4.8.4/../../../../arm-none-eabi/lib/armv7e-m/fpu/libm.a(lib_a-s_copysign.o)
                              /Applications/KDS_v3.app/Contents/toolchain/bin/../lib/gcc/arm-none-eabi/4.8.4/../../../../arm-none-eabi/lib/armv7e-m/fpu/libm.a(lib_a-s_scalbn.o) (copysign)
/Applications/KDS_v3.app/Contents/toolchain/bin/../lib/gcc/arm-none-eabi/4.8.4/armv7e-m/fpu/libgcc.a(_arm_addsubdf3.o)
                              ./utilities/fsl_debug_console.o (__aeabi_dsub)
/Applications/KDS_v3.app/Contents/toolchain/bin/../lib/gcc/arm-none-eabi/4.8.4/armv7e-m/fpu/libgcc.a(_arm_muldivdf3.o)
                              ./utilities/fsl_debug_console.o (__aeabi_dmul)
/Applications/KDS_v3.app/Contents/toolchain/bin/../lib/gcc/arm-none-eabi/4.8.4/armv7e-m/fpu/libgcc.a(_arm_cmpdf2.o)
                              ./utilities/fsl_debug_console.o (__aeabi_dcmpeq)
/Applications/KDS_v3.app/Contents/toolchain/bin/../lib/gcc/arm-none-eabi/4.8.4/armv7e-m/fpu/libgcc.a(_arm_fixdfsi.o)
                              ./utilities/fsl_debug_console.o (__aeabi_d2iz)
[...]
Memory Configuration

Name             Origin             Length             Attributes
m_interrupts     0x0000000000000000 0x00000000000003c0 xr
m_bootloader_config 0x00000000000003c0 0x0000000000000040 xr
m_flash_config   0x0000000000000400 0x0000000000000010 xr
m_text           0x0000000000000410 0x000000000003fbf0 xr
m_data           0x000000001fff0000 0x0000000000010000 rw
m_data_2         0x0000000020000000 0x0000000000030000 rw
*default*        0x0000000000000000 0xffffffffffffffff

Linker script and memory map

LOAD /Applications/KDS_v3.app/Contents/toolchain/bin/../lib/gcc/arm-none-eabi/4.8.4/armv7e-m/fpu/crti.o
LOAD /Applications/KDS_v3.app/Contents/toolchain/bin/../lib/gcc/arm-none-eabi/4.8.4/armv7e-m/fpu/crtbegin.o
LOAD /Applications/KDS_v3.app/Contents/toolchain/bin/../lib/gcc/arm-none-eabi/4.8.4/../../../../arm-none-eabi/lib/armv7e-m/fpu/crt0.o
LOAD ./utilities/fsl_debug_console.o
LOAD ./utilities/fsl_notifier.o
LOAD ./utilities/fsl_sbrk.o
LOAD ./startup/startup_MK82F25615.o
LOAD ./startup/system_MK82F25615.o
LOAD ./source/main.o
LOAD ./source/watervalve.o
LOAD ./drivers/fsl_adc16.o
LOAD ./drivers/fsl_clock.o
LOAD ./drivers/fsl_cmp.o
LOAD ./drivers/fsl_cmt.o
LOAD ./drivers/fsl_common.o
LOAD ./drivers/fsl_crc.o
LOAD ./drivers/fsl_dac.o
LOAD ./drivers/fsl_dmamux.o
LOAD ./drivers/fsl_dspi.o
LOAD ./drivers/fsl_dspi_edma.o
LOAD ./drivers/fsl_edma.o
LOAD ./drivers/fsl_ewm.o
LOAD ./drivers/fsl_flash.o
LOAD ./drivers/fsl_flexbus.o
LOAD ./drivers/fsl_flexio.o
LOAD ./drivers/fsl_flexio_camera.o
LOAD ./drivers/fsl_flexio_camera_edma.o
LOAD ./drivers/fsl_flexio_i2c_master.o
LOAD ./drivers/fsl_flexio_i2s.o
LOAD ./drivers/fsl_flexio_i2s_edma.o
LOAD ./drivers/fsl_flexio_spi.o
LOAD ./drivers/fsl_flexio_spi_edma.o
LOAD ./drivers/fsl_flexio_uart.o
LOAD ./drivers/fsl_flexio_uart_edma.o
LOAD ./drivers/fsl_ftm.o
LOAD ./drivers/fsl_gpio.o
LOAD ./drivers/fsl_i2c.o
LOAD ./drivers/fsl_i2c_edma.o
LOAD ./drivers/fsl_llwu.o
LOAD ./drivers/fsl_lmem_cache.o
LOAD ./drivers/fsl_lptmr.o
LOAD ./drivers/fsl_lpuart.o
LOAD ./drivers/fsl_lpuart_edma.o
LOAD ./drivers/fsl_ltc.o
LOAD ./drivers/fsl_ltc_edma.o
LOAD ./drivers/fsl_mpu.o
LOAD ./drivers/fsl_pdb.o
LOAD ./drivers/fsl_pit.o
LOAD ./drivers/fsl_pmc.o
LOAD ./drivers/fsl_qspi.o
LOAD ./drivers/fsl_qspi_edma.o
LOAD ./drivers/fsl_rcm.o
LOAD ./drivers/fsl_rtc.o
LOAD ./drivers/fsl_sai.o
LOAD ./drivers/fsl_sai_edma.o
LOAD ./drivers/fsl_sdhc.o
LOAD ./drivers/fsl_sdramc.o
LOAD ./drivers/fsl_sim.o
LOAD ./drivers/fsl_smartcard_emvsim.o
LOAD ./drivers/fsl_smartcard_phy_emvsim.o
LOAD ./drivers/fsl_smartcard_phy_ncn8025.o
LOAD ./drivers/fsl_smc.o
LOAD ./drivers/fsl_tpm.o
LOAD ./drivers/fsl_trng.o
LOAD ./drivers/fsl_tsi_v4.o
LOAD ./drivers/fsl_vref.o
LOAD ./drivers/fsl_wdog.o
LOAD ./board/board.o
LOAD ./board/clock_config.o
LOAD ./board/pin_mux.o
LOAD /Applications/KDS_v3.app/Contents/toolchain/bin/../lib/gcc/arm-none-eabi/4.8.4/../../../../arm-none-eabi/lib/armv7e-m/fpu/libstdc++_s.a
LOAD /Applications/KDS_v3.app/Contents/toolchain/bin/../lib/gcc/arm-none-eabi/4.8.4/../../../../arm-none-eabi/lib/armv7e-m/fpu/libm.a
START GROUP
LOAD /Applications/KDS_v3.app/Contents/toolchain/bin/../lib/gcc/arm-none-eabi/4.8.4/armv7e-m/fpu/libgcc.a
LOAD /Applications/KDS_v3.app/Contents/toolchain/bin/../lib/gcc/arm-none-eabi/4.8.4/../../../../arm-none-eabi/lib/armv7e-m/fpu/libg_s.a
LOAD /Applications/KDS_v3.app/Contents/toolchain/bin/../lib/gcc/arm-none-eabi/4.8.4/../../../../arm-none-eabi/lib/armv7e-m/fpu/libc_s.a
END GROUP
START GROUP
LOAD /Applications/KDS_v3.app/Contents/toolchain/bin/../lib/gcc/arm-none-eabi/4.8.4/armv7e-m/fpu/libgcc.a
LOAD /Applications/KDS_v3.app/Contents/toolchain/bin/../lib/gcc/arm-none-eabi/4.8.4/../../../../arm-none-eabi/lib/armv7e-m/fpu/libc_s.a
LOAD /Applications/KDS_v3.app/Contents/toolchain/bin/../lib/gcc/arm-none-eabi/4.8.4/../../../../arm-none-eabi/lib/armv7e-m/fpu/libnosys.a
END GROUP
START GROUP
LOAD /Applications/KDS_v3.app/Contents/toolchain/bin/../lib/gcc/arm-none-eabi/4.8.4/armv7e-m/fpu/libgcc.a
LOAD /Applications/KDS_v3.app/Contents/toolchain/bin/../lib/gcc/arm-none-eabi/4.8.4/../../../../arm-none-eabi/lib/armv7e-m/fpu/libc_s.a
LOAD /Applications/KDS_v3.app/Contents/toolchain/bin/../lib/gcc/arm-none-eabi/4.8.4/../../../../arm-none-eabi/lib/armv7e-m/fpu/libnosys.a
END GROUP
LOAD /Applications/KDS_v3.app/Contents/toolchain/bin/../lib/gcc/arm-none-eabi/4.8.4/armv7e-m/fpu/crtend.o
LOAD /Applications/KDS_v3.app/Contents/toolchain/bin/../lib/gcc/arm-none-eabi/4.8.4/armv7e-m/fpu/crtn.o
                0x0000000000000400                HEAP_SIZE = DEFINED (__heap_size__)?__heap_size__:0x400
                0x0000000000000400                STACK_SIZE = DEFINED (__stack_size__)?__stack_size__:0x400
                0x0000000000000000                M_VECTOR_RAM_SIZE = DEFINED (__ram_vector_table__)?0x3c0:0x0

.interrupts     0x0000000000000000      0x3c0
                0x0000000000000000                __VECTOR_TABLE = .
                0x0000000000000000                . = ALIGN (0x4)
 *(.isr_vector)
 .isr_vector    0x0000000000000000      0x3c0 ./startup/startup_MK82F25615.o
                0x0000000000000000                __isr_vector
                0x00000000000003c0                . = ALIGN (0x4)

.bootloader_config
                0x00000000000003c0        0x0
                0x00000000000003c0                . = ALIGN (0x4)
 *(.BootloaderConfig)
                0x00000000000003c0                . = ALIGN (0x4)

.flash_config   0x0000000000000400       0x10
                0x0000000000000400                . = ALIGN (0x4)
 *(.FlashConfig)
 .FlashConfig   0x0000000000000400       0x10 ./startup/startup_MK82F25615.o
                0x0000000000000410                . = ALIGN (0x4)

.text           0x0000000000000410     0x7640
                0x0000000000000410                . = ALIGN (0x4)
 *(.text)
 .text          0x0000000000000410       0x54 /Applications/KDS_v3.app/Contents/toolchain/bin/../lib/gcc/arm-none-eabi/4.8.4/armv7e-m/fpu/crtbegin.o
 .text          0x0000000000000464       0x74 /Applications/KDS_v3.app/Contents/toolchain/bin/../lib/gcc/arm-none-eabi/4.8.4/../../../../arm-none-eabi/lib/armv7e-m/fpu/crt0.o
                0x0000000000000464                _mainCRTStartup
                0x0000000000000464                _start
 .text          0x00000000000004d8      0x180 ./startup/startup_MK82F25615.o
                0x00000000000004d8                Reset_Handler
                0x000000000000051c                Reserved111_IRQHandler
                0x000000000000051c                DebugMon_Handler
                0x000000000000051c                Reserved88_IRQHandler
                0x000000000000051c                DMA13_DMA29_DriverIRQHandler
                0x000000000000051c                PIT0CH2_IRQHandler
                0x000000000000051c                Reserved113_IRQHandler
                0x000000000000051c                Reserved94_IRQHandler
                0x000000000000051c                Reserved112_IRQHandler
                0x000000000000051c                TPM1_IRQHandler
                0x000000000000051c                Reserved106_IRQHandler
                0x000000000000051c                LVD_LVW_IRQHandler
                0x000000000000051c                FTM0_IRQHandler
                0x000000000000051c                Reserved51_IRQHandler
                0x000000000000051c                MCM_IRQHandler
                0x000000000000051c                FTFA_IRQHandler
                0x000000000000051c                PIT0CH3_IRQHandler
                0x000000000000051c                FTM3_IRQHandler
                0x000000000000051c                PORTE_IRQHandler
                0x000000000000051c                DMA5_DMA21_DriverIRQHandler
                0x000000000000051c                FTM2_IRQHandler
                0x000000000000051c                BusFault_Handler
                0x000000000000051c                DMA15_DMA31_DriverIRQHandler
                0x000000000000051c                PIT0CH1_IRQHandler
                0x000000000000051c                Reserved93_IRQHandler
                0x000000000000051c                CMP0_IRQHandler
                0x000000000000051c                Reserved52_IRQHandler
                0x000000000000051c                LPTMR0_LPTMR1_IRQHandler
                0x000000000000051c                Reserved122_IRQHandler
                0x000000000000051c                Reserved96_IRQHandler
                0x000000000000051c                Reserved85_IRQHandler
                0x000000000000051c                DMA_Error_DriverIRQHandler
                0x000000000000051c                Reserved114_IRQHandler
                0x000000000000051c                Reserved89_IRQHandler
                0x000000000000051c                Reserved99_IRQHandler
                0x000000000000051c                DMA7_DMA23_DriverIRQHandler
                0x000000000000051c                Reserved119_IRQHandler
                0x000000000000051c                LLWU_IRQHandler
                0x000000000000051c                Reserved84_IRQHandler
                0x000000000000051c                TSI0_IRQHandler
                0x000000000000051c                Reserved92_IRQHandler
                0x000000000000051c                DMA14_DMA30_DriverIRQHandler
                0x000000000000051c                SWI_IRQHandler
                0x000000000000051c                ADC0_IRQHandler
                0x000000000000051c                EMVSIM0_IRQHandler
                0x000000000000051c                UsageFault_Handler
                0x000000000000051c                CMT_IRQHandler
                0x000000000000051c                QuadSPI0_DriverIRQHandler
                0x000000000000051c                DMA0_DMA16_DriverIRQHandler
                0x000000000000051c                DefaultISR
                0x000000000000051c                DMA2_DMA18_DriverIRQHandler
                0x000000000000051c                Reserved82_IRQHandler
                0x000000000000051c                CMP1_IRQHandler
                0x000000000000051c                Reserved71_IRQHandler
                0x000000000000051c                PORTD_IRQHandler
                0x000000000000051c                PORTB_IRQHandler
                0x000000000000051c                TPM2_IRQHandler
                0x000000000000051c                RTC_IRQHandler
                0x000000000000051c                PDB0_IRQHandler
                0x000000000000051c                FTM1_IRQHandler
                0x000000000000051c                DMA12_DMA28_DriverIRQHandler
                0x000000000000051c                PIT0CH0_IRQHandler
                0x000000000000051c                Reserved95_IRQHandler
                0x000000000000051c                Reserved121_IRQHandler
                0x000000000000051c                RTC_Seconds_IRQHandler
                0x000000000000051c                MCG_IRQHandler
                0x000000000000051c                DMA10_DMA26_DriverIRQHandler
                0x000000000000051c                Reserved108_IRQHandler
                0x000000000000051c                TRNG0_IRQHandler
                0x000000000000051c                Reserved117_IRQHandler
                0x000000000000051c                Reserved110_IRQHandler
                0x000000000000051c                Read_Collision_IRQHandler
                0x000000000000051c                LTC0_IRQHandler
                0x000000000000051c                DMA1_DMA17_DriverIRQHandler
                0x000000000000051c                Reserved98_IRQHandler
                0x000000000000051c                Reserved102_IRQHandler
                0x000000000000051c                USBDCD_IRQHandler
                0x000000000000051c                DMA8_DMA24_DriverIRQHandler
                0x000000000000051c                DMA6_DMA22_DriverIRQHandler
                0x000000000000051c                Reserved101_IRQHandler
                0x000000000000051c                USB0_IRQHandler
                0x000000000000051c                WDOG_EWM_IRQHandler
                0x000000000000051c                MemManage_Handler
                0x000000000000051c                Reserved83_IRQHandler
                0x000000000000051c                Reserved115_IRQHandler
                0x000000000000051c                DMA11_DMA27_DriverIRQHandler
                0x000000000000051c                Reserved109_IRQHandler
                0x000000000000051c                DMA4_DMA20_DriverIRQHandler
                0x000000000000051c                DMA9_DMA25_DriverIRQHandler
                0x000000000000051c                Reserved100_IRQHandler
                0x000000000000051c                EMVSIM1_IRQHandler
                0x000000000000051c                Reserved91_IRQHandler
                0x000000000000051c                DAC0_IRQHandler
                0x000000000000051c                Reserved118_IRQHandler
                0x000000000000051c                DMA3_DMA19_DriverIRQHandler
                0x0000000000000520                NMI_Handler
                0x0000000000000524                HardFault_Handler
                0x0000000000000528                SVC_Handler
                0x000000000000052c                PendSV_Handler
                0x0000000000000530                SysTick_Handler
                0x0000000000000574                DMA_Error_IRQHandler
                0x0000000000000578                I2C0_IRQHandler
                0x000000000000057c                I2C1_IRQHandler
                0x0000000000000580                SPI0_IRQHandler
                0x0000000000000584                SPI1_IRQHandler
                0x0000000000000588                I2S0_Tx_IRQHandler
                0x000000000000058c                I2S0_Rx_IRQHandler
                0x0000000000000590                LPUART0_IRQHandler
                0x0000000000000594                LPUART1_IRQHandler
                0x0000000000000598                LPUART2_IRQHandler
                0x000000000000059c                LPUART3_IRQHandler
                0x00000000000005a0                LPUART4_IRQHandler
                0x00000000000005a4                SPI2_IRQHandler
                0x00000000000005a8                FLEXIO0_IRQHandler
                0x00000000000005ac                I2C2_IRQHandler
                0x00000000000005b0                SDHC_IRQHandler
                0x00000000000005b4                I2C3_IRQHandler
                0x00000000000005b8                QuadSPI0_IRQHandler
 .text          0x0000000000000658      0x370 /Applications/KDS_v3.app/Contents/toolchain/bin/../lib/gcc/arm-none-eabi/4.8.4/armv7e-m/fpu/libgcc.a(_arm_addsubdf3.o)
                0x0000000000000658                __aeabi_drsub
                0x0000000000000660                __subdf3
                0x0000000000000660                __aeabi_dsub
                0x0000000000000664                __aeabi_dadd
                0x0000000000000664                __adddf3
                0x00000000000008dc                __aeabi_ui2d
                0x00000000000008dc                __floatunsidf
                0x00000000000008fc                __floatsidf
                0x00000000000008fc                __aeabi_i2d
                0x0000000000000920                __extendsfdf2
                0x0000000000000920                __aeabi_f2d
                0x000000000000095c                __aeabi_ul2d
                0x000000000000095c                __floatundidf
                0x000000000000096c                __aeabi_l2d
                0x000000000000096c                __floatdidf
 .text          0x00000000000009c8      0x424 /Applications/KDS_v3.app/Contents/toolchain/bin/../lib/gcc/arm-none-eabi/4.8.4/armv7e-m/fpu/libgcc.a(_arm_muldivdf3.o)
                0x00000000000009c8                __aeabi_dmul
                0x00000000000009c8                __muldf3
                0x0000000000000c1c                __aeabi_ddiv
                0x0000000000000c1c                __divdf3
 .text          0x0000000000000dec      0x110 /Applications/KDS_v3.app/Contents/toolchain/bin/../lib/gcc/arm-none-eabi/4.8.4/armv7e-m/fpu/libgcc.a(_arm_cmpdf2.o)
                0x0000000000000dec                __gtdf2
                0x0000000000000dec                __gedf2
                0x0000000000000df4                __ltdf2
                0x0000000000000df4                __ledf2
                0x0000000000000dfc                __eqdf2
                0x0000000000000dfc                __nedf2
                0x0000000000000dfc                __cmpdf2
                0x0000000000000e78                __aeabi_cdrcmple
                0x0000000000000e88                __aeabi_cdcmple
                0x0000000000000e88                __aeabi_cdcmpeq
                0x0000000000000e98                __aeabi_dcmpeq
                0x0000000000000eac                __aeabi_dcmplt
                0x0000000000000ec0                __aeabi_dcmple
                0x0000000000000ed4                __aeabi_dcmpge
                0x0000000000000ee8                __aeabi_dcmpgt
 .text          0x0000000000000efc       0x50 /Applications/KDS_v3.app/Contents/toolchain/bin/../lib/gcc/arm-none-eabi/4.8.4/armv7e-m/fpu/libgcc.a(_arm_fixdfsi.o)
                0x0000000000000efc                __fixdfsi
                0x0000000000000efc                __aeabi_d2iz
 .text          0x0000000000000f4c       0x38 /Applications/KDS_v3.app/Contents/toolchain/bin/../lib/gcc/arm-none-eabi/4.8.4/armv7e-m/fpu/libgcc.a(_aeabi_ldivmod.o)
                0x0000000000000f4c                __aeabi_ldivmod
 .text          0x0000000000000f84       0x2c /Applications/KDS_v3.app/Contents/toolchain/bin/../lib/gcc/arm-none-eabi/4.8.4/armv7e-m/fpu/libgcc.a(_aeabi_uldivmod.o)
                0x0000000000000f84                __aeabi_uldivmod
 .text          0x0000000000000fb0       0x30 /Applications/KDS_v3.app/Contents/toolchain/bin/../lib/gcc/arm-none-eabi/4.8.4/armv7e-m/fpu/libgcc.a(_fixdfdi.o)
                0x0000000000000fb0                __aeabi_d2lz
                0x0000000000000fb0                __fixdfdi
 .text          0x0000000000000fe0       0x44 /Applications/KDS_v3.app/Contents/toolchain/bin/../lib/gcc/arm-none-eabi/4.8.4/armv7e-m/fpu/libgcc.a(_fixunsdfdi.o)
                0x0000000000000fe0                __aeabi_d2ulz
                0x0000000000000fe0                __fixunsdfdi
 .text          0x0000000000001024       0x60 /Applications/KDS_v3.app/Contents/toolchain/bin/../lib/gcc/arm-none-eabi/4.8.4/armv7e-m/fpu/libgcc.a(bpabi.o)
                0x0000000000001024                __gnu_ldivmod_helper
                0x0000000000001054                __gnu_uldivmod_helper
 .text          0x0000000000001084      0xa1c /Applications/KDS_v3.app/Contents/toolchain/bin/../lib/gcc/arm-none-eabi/4.8.4/armv7e-m/fpu/libgcc.a(unwind-arm.o)
                0x0000000000001368                _Unwind_GetCFA
                0x000000000000136c                __gnu_Unwind_RaiseException
                0x00000000000013cc                __gnu_Unwind_ForcedUnwind
                0x00000000000013e0                __gnu_Unwind_Resume
                0x0000000000001424                __gnu_Unwind_Resume_or_Rethrow
                0x0000000000001434                _Unwind_Complete
                0x0000000000001438                _Unwind_DeleteException
                0x0000000000001448                _Unwind_VRS_Get
                0x0000000000001498                _Unwind_VRS_Set
                0x00000000000014e8                __gnu_Unwind_Backtrace
                0x000000000000183c                __aeabi_unwind_cpp_pr0
                0x0000000000001844                __aeabi_unwind_cpp_pr1
                0x000000000000184c                __aeabi_unwind_cpp_pr2
                0x0000000000001854                _Unwind_VRS_Pop
 .text          0x0000000000001aa0      0x1ac /Applications/KDS_v3.app/Contents/toolchain/bin/../lib/gcc/arm-none-eabi/4.8.4/armv7e-m/fpu/libgcc.a(libunwind.o)
                0x0000000000001aa0                __restore_core_regs
                0x0000000000001aa0                restore_core_regs
                0x0000000000001ab8                __gnu_Unwind_Restore_VFP
                0x0000000000001ac0                __gnu_Unwind_Save_VFP
                0x0000000000001ac8                __gnu_Unwind_Restore_VFP_D
                0x0000000000001ad0                __gnu_Unwind_Save_VFP_D
                0x0000000000001ad8                __gnu_Unwind_Restore_VFP_D_16_to_31
                0x0000000000001ae0                __gnu_Unwind_Save_VFP_D_16_to_31
                0x0000000000001ae8                __gnu_Unwind_Restore_WMMXD
                0x0000000000001b2c                __gnu_Unwind_Save_WMMXD
                0x0000000000001b70                __gnu_Unwind_Restore_WMMXC
                0x0000000000001b84                __gnu_Unwind_Save_WMMXC
                0x0000000000001b98                _Unwind_RaiseException
                0x0000000000001b98                ___Unwind_RaiseException
                0x0000000000001bbc                ___Unwind_Resume
                0x0000000000001bbc                _Unwind_Resume
                0x0000000000001be0                ___Unwind_Resume_or_Rethrow
                0x0000000000001be0                _Unwind_Resume_or_Rethrow
                0x0000000000001c04                _Unwind_ForcedUnwind
                0x0000000000001c04                ___Unwind_ForcedUnwind
                0x0000000000001c28                _Unwind_Backtrace
                0x0000000000001c28                ___Unwind_Backtrace
 .text          0x0000000000001c4c      0x33c /Applications/KDS_v3.app/Contents/toolchain/bin/../lib/gcc/arm-none-eabi/4.8.4/armv7e-m/fpu/libgcc.a(pr-support.o)
                0x0000000000001ca0                __gnu_unwind_execute
                0x0000000000001f2c                __gnu_unwind_frame
                0x0000000000001f58                _Unwind_GetRegionStart
                0x0000000000001f64                _Unwind_GetLanguageSpecificData
                0x0000000000001f78                _Unwind_GetDataRelBase
                0x0000000000001f80                _Unwind_GetTextRelBase
 .text          0x0000000000001f88        0x4 /Applications/KDS_v3.app/Contents/toolchain/bin/../lib/gcc/arm-none-eabi/4.8.4/armv7e-m/fpu/libgcc.a(_dvmd_tls.o)
                0x0000000000001f88                __aeabi_ldiv0
                0x0000000000001f88                __aeabi_idiv0
 .text          0x0000000000001f8c       0x40 /Applications/KDS_v3.app/Contents/toolchain/bin/../lib/gcc/arm-none-eabi/4.8.4/armv7e-m/fpu/libgcc.a(_arm_fixunsdfsi.o)
                0x0000000000001f8c                __fixunsdfsi
                0x0000000000001f8c                __aeabi_d2uiz
 .text          0x0000000000001fcc      0x298 /Applications/KDS_v3.app/Contents/toolchain/bin/../lib/gcc/arm-none-eabi/4.8.4/armv7e-m/fpu/libgcc.a(_divdi3.o)
                0x0000000000001fcc                __divdi3
 .text          0x0000000000002264      0x284 /Applications/KDS_v3.app/Contents/toolchain/bin/../lib/gcc/arm-none-eabi/4.8.4/armv7e-m/fpu/libgcc.a(_udivdi3.o)
                0x0000000000002264                __udivdi3
 *(.text*)
 .text.LPUART_EnableTx
                0x00000000000024e8       0x38 ./utilities/fsl_debug_console.o
 .text.LPUART_EnableRx
                0x0000000000002520       0x38 ./utilities/fsl_debug_console.o
 .text.DbgConsole_Init
                0x0000000000002558       0x90 ./utilities/fsl_debug_console.o
                0x0000000000002558                DbgConsole_Init
 .text.DbgConsole_Printf
                0x00000000000025e8       0x40 ./utilities/fsl_debug_console.o
                0x00000000000025e8                DbgConsole_Printf
 .text.DbgConsole_Putchar
                0x0000000000002628       0x38 ./utilities/fsl_debug_console.o
                0x0000000000002628                DbgConsole_Putchar
 .text.DbgConsole_PrintfPaddingCharacter
                0x0000000000002660       0x40 ./utilities/fsl_debug_console.o
 .text.DbgConsole_ConvertRadixNumToString
                0x00000000000026a0      0x1d8 ./utilities/fsl_debug_console.o
 .text.DbgConsole_ConvertFloatRadixNumToString
                0x0000000000002878      0x2b8 ./utilities/fsl_debug_console.o
 .text.DbgConsole_PrintfFormattedData
                0x0000000000002b30      0x8a0 ./utilities/fsl_debug_console.o
 .text.SystemInit
                0x00000000000033d0       0x3c ./startup/system_MK82F25615.o
                0x00000000000033d0                SystemInit
 .text.PORTA_IRQHandler
                0x000000000000340c       0x20 ./source/main.o
                0x000000000000340c                PORTA_IRQHandler
 .text.PORTC_IRQHandler
                0x000000000000342c       0x20 ./source/main.o
                0x000000000000342c                PORTC_IRQHandler
 .text.main     0x000000000000344c       0x5c ./source/main.o
                0x000000000000344c                main
 .text.Setup_Pins
                0x00000000000034a8        0xc ./source/main.o
                0x00000000000034a8                Setup_Pins
 .text.NVIC_EnableIRQ
                0x00000000000034b4       0x30 ./source/watervalve.o
 .text.EnableIRQ
                0x00000000000034e4       0x1c ./source/watervalve.o
 .text.GPIO_SetPinsOutput
                0x0000000000003500       0x1c ./source/watervalve.o
 .text.GPIO_TogglePinsOutput
                0x000000000000351c       0x1c ./source/watervalve.o
 .text.PORT_SetPinInterruptConfig
                0x0000000000003538       0x38 ./source/watervalve.o
 .text.initState
                0x0000000000003570       0x88 ./source/watervalve.o
                0x0000000000003570                initState
 .text.openValve
                0x00000000000035f8       0x20 ./source/watervalve.o
                0x00000000000035f8                openValve
 .text.closeValve
                0x0000000000003618       0x20 ./source/watervalve.o
                0x0000000000003618                closeValve
 .text.CLOCK_SetEr32kClock
                0x0000000000003638       0x2c ./drivers/fsl_clock.o
 .text.CLOCK_SetPllFllSelClock
                0x0000000000003664       0x58 ./drivers/fsl_clock.o
 .text.OSC_SetExtRefClkConfig
                0x00000000000036bc       0x40 ./drivers/fsl_clock.o
 .text.OSC_SetCapLoad
                0x00000000000036fc       0x34 ./drivers/fsl_clock.o
 .text.CLOCK_GetOscRangeFromFreq
                0x0000000000003730       0x3c ./drivers/fsl_clock.o
 .text.CLOCK_GetOsc0ErClkUndivFreq
                0x000000000000376c       0x48 ./drivers/fsl_clock.o
                0x000000000000376c                CLOCK_GetOsc0ErClkUndivFreq
 .text.CLOCK_GetOsc0ErClkFreq
                0x00000000000037b4       0x10 ./drivers/fsl_clock.o
                0x00000000000037b4                CLOCK_GetOsc0ErClkFreq
 .text.CLOCK_SetSimConfig
                0x00000000000037c4       0x44 ./drivers/fsl_clock.o
                0x00000000000037c4                CLOCK_SetSimConfig
 .text.CLOCK_SetExternalRefClkConfig
                0x0000000000003808       0x90 ./drivers/fsl_clock.o
                0x0000000000003808                CLOCK_SetExternalRefClkConfig
 .text.CLOCK_SetInternalRefClkConfig
                0x0000000000003898      0x104 ./drivers/fsl_clock.o
                0x0000000000003898                CLOCK_SetInternalRefClkConfig
 .text.CLOCK_EnablePll0
                0x000000000000399c       0x94 ./drivers/fsl_clock.o
                0x000000000000399c                CLOCK_EnablePll0
 .text.CLOCK_InitOsc0
                0x0000000000003a30       0x8c ./drivers/fsl_clock.o
                0x0000000000003a30                CLOCK_InitOsc0
 .text.CLOCK_SetPbeMode
                0x0000000000003abc       0x98 ./drivers/fsl_clock.o
                0x0000000000003abc                CLOCK_SetPbeMode
 .text.CLOCK_BootToPeeMode
                0x0000000000003b54       0x74 ./drivers/fsl_clock.o
                0x0000000000003b54                CLOCK_BootToPeeMode
 .text.__assert_func
                0x0000000000003bc8       0x28 ./drivers/fsl_common.o
                0x0000000000003bc8                __assert_func
 .text.DSPI_IsMaster
                0x0000000000003bf0       0x1c ./drivers/fsl_dspi.o
 .text.DSPI_CommonIRQHandler
                0x0000000000003c0c       0x3c ./drivers/fsl_dspi.o
 .text.SPI0_DriverIRQHandler
                0x0000000000003c48       0x3c ./drivers/fsl_dspi.o
                0x0000000000003c48                SPI0_DriverIRQHandler
 .text.SPI1_DriverIRQHandler
                0x0000000000003c84       0x3c ./drivers/fsl_dspi.o
                0x0000000000003c84                SPI1_DriverIRQHandler
 .text.SPI2_DriverIRQHandler
                0x0000000000003cc0       0x3c ./drivers/fsl_dspi.o
                0x0000000000003cc0                SPI2_DriverIRQHandler
 .text.EDMA_GetChannelStatusFlags
                0x0000000000003cfc       0x84 ./drivers/fsl_edma.o
                0x0000000000003cfc                EDMA_GetChannelStatusFlags
 .text.EDMA_HandleIRQ
                0x0000000000003d80      0x154 ./drivers/fsl_edma.o
                0x0000000000003d80                EDMA_HandleIRQ
 .text.DMA0_DMA16_IRQHandler
                0x0000000000003ed4       0x48 ./drivers/fsl_edma.o
                0x0000000000003ed4                DMA0_DMA16_IRQHandler
 .text.DMA1_DMA17_IRQHandler
                0x0000000000003f1c       0x48 ./drivers/fsl_edma.o
                0x0000000000003f1c                DMA1_DMA17_IRQHandler
 .text.DMA2_DMA18_IRQHandler
                0x0000000000003f64       0x48 ./drivers/fsl_edma.o
                0x0000000000003f64                DMA2_DMA18_IRQHandler
 .text.DMA3_DMA19_IRQHandler
                0x0000000000003fac       0x48 ./drivers/fsl_edma.o
                0x0000000000003fac                DMA3_DMA19_IRQHandler
 .text.DMA4_DMA20_IRQHandler
                0x0000000000003ff4       0x48 ./drivers/fsl_edma.o
                0x0000000000003ff4                DMA4_DMA20_IRQHandler
 .text.DMA5_DMA21_IRQHandler
                0x000000000000403c       0x48 ./drivers/fsl_edma.o
                0x000000000000403c                DMA5_DMA21_IRQHandler
 .text.DMA6_DMA22_IRQHandler
                0x0000000000004084       0x48 ./drivers/fsl_edma.o
                0x0000000000004084                DMA6_DMA22_IRQHandler
 .text.DMA7_DMA23_IRQHandler
                0x00000000000040cc       0x48 ./drivers/fsl_edma.o
                0x00000000000040cc                DMA7_DMA23_IRQHandler
 .text.DMA8_DMA24_IRQHandler
                0x0000000000004114       0x48 ./drivers/fsl_edma.o
                0x0000000000004114                DMA8_DMA24_IRQHandler
 .text.DMA9_DMA25_IRQHandler
                0x000000000000415c       0x48 ./drivers/fsl_edma.o
                0x000000000000415c                DMA9_DMA25_IRQHandler
 .text.DMA10_DMA26_IRQHandler
                0x00000000000041a4       0x48 ./drivers/fsl_edma.o
                0x00000000000041a4                DMA10_DMA26_IRQHandler
 .text.DMA11_DMA27_IRQHandler
                0x00000000000041ec       0x48 ./drivers/fsl_edma.o
                0x00000000000041ec                DMA11_DMA27_IRQHandler
 .text.DMA12_DMA28_IRQHandler
                0x0000000000004234       0x48 ./drivers/fsl_edma.o
                0x0000000000004234                DMA12_DMA28_IRQHandler
 .text.DMA13_DMA29_IRQHandler
                0x000000000000427c       0x48 ./drivers/fsl_edma.o
                0x000000000000427c                DMA13_DMA29_IRQHandler
 .text.DMA14_DMA30_IRQHandler
                0x00000000000042c4       0x48 ./drivers/fsl_edma.o
                0x00000000000042c4                DMA14_DMA30_IRQHandler
 .text.DMA15_DMA31_IRQHandler
                0x000000000000430c       0x48 ./drivers/fsl_edma.o
                0x000000000000430c                DMA15_DMA31_IRQHandler
 .text.FLEXIO_CommonIRQHandler
                0x0000000000004354       0x54 ./drivers/fsl_flexio.o
                0x0000000000004354                FLEXIO_CommonIRQHandler
 .text.FLEXIO0_DriverIRQHandler
                0x00000000000043a8        0xc ./drivers/fsl_flexio.o
                0x00000000000043a8                FLEXIO0_DriverIRQHandler
 .text.GPIO_WritePinOutput
                0x00000000000043b4       0x3c ./drivers/fsl_gpio.o
 .text.GPIO_GetInstance
                0x00000000000043f0       0x58 ./drivers/fsl_gpio.o
 .text.GPIO_PinInit
                0x0000000000004448       0x70 ./drivers/fsl_gpio.o
                0x0000000000004448                GPIO_PinInit
 .text.GPIO_ClearPinsInterruptFlags
                0x00000000000044b8       0x30 ./drivers/fsl_gpio.o
                0x00000000000044b8                GPIO_ClearPinsInterruptFlags
 .text.I2C_TransferCommonIRQHandler
                0x00000000000044e8       0x4c ./drivers/fsl_i2c.o
 .text.I2C0_DriverIRQHandler
                0x0000000000004534       0x1c ./drivers/fsl_i2c.o
                0x0000000000004534                I2C0_DriverIRQHandler
 .text.I2C1_DriverIRQHandler
                0x0000000000004550       0x1c ./drivers/fsl_i2c.o
                0x0000000000004550                I2C1_DriverIRQHandler
 .text.I2C2_DriverIRQHandler
                0x000000000000456c       0x1c ./drivers/fsl_i2c.o
                0x000000000000456c                I2C2_DriverIRQHandler
 .text.I2C3_DriverIRQHandler
                0x0000000000004588       0x1c ./drivers/fsl_i2c.o
                0x0000000000004588                I2C3_DriverIRQHandler
 .text.CLOCK_EnableClock
                0x00000000000045a4       0x34 ./drivers/fsl_lpuart.o
 .text.LPUART_GetInstance
                0x00000000000045d8       0x58 ./drivers/fsl_lpuart.o
                0x00000000000045d8                LPUART_GetInstance
 .text.LPUART_Init
                0x0000000000004630      0x2e8 ./drivers/fsl_lpuart.o
                0x0000000000004630                LPUART_Init
 .text.LPUART_GetDefaultConfig
                0x0000000000004918       0x5c ./drivers/fsl_lpuart.o
                0x0000000000004918                LPUART_GetDefaultConfig
 .text.LPUART_GetStatusFlags
                0x0000000000004974       0x2c ./drivers/fsl_lpuart.o
                0x0000000000004974                LPUART_GetStatusFlags
 .text.LPUART_ClearStatusFlags
                0x00000000000049a0       0x94 ./drivers/fsl_lpuart.o
                0x00000000000049a0                LPUART_ClearStatusFlags
 .text.LPUART_WriteBlocking
                0x0000000000004a34       0x40 ./drivers/fsl_lpuart.o
                0x0000000000004a34                LPUART_WriteBlocking
 .text.LPUART_ReadBlocking
                0x0000000000004a74       0xac ./drivers/fsl_lpuart.o
                0x0000000000004a74                LPUART_ReadBlocking
 .text.LPUART0_DriverIRQHandler
                0x0000000000004b20       0x20 ./drivers/fsl_lpuart.o
                0x0000000000004b20                LPUART0_DriverIRQHandler
 .text.LPUART1_DriverIRQHandler
                0x0000000000004b40       0x20 ./drivers/fsl_lpuart.o
                0x0000000000004b40                LPUART1_DriverIRQHandler
 .text.LPUART2_DriverIRQHandler
                0x0000000000004b60       0x20 ./drivers/fsl_lpuart.o
                0x0000000000004b60                LPUART2_DriverIRQHandler
 .text.LPUART3_DriverIRQHandler
                0x0000000000004b80       0x20 ./drivers/fsl_lpuart.o
                0x0000000000004b80                LPUART3_DriverIRQHandler
 .text.LPUART4_DriverIRQHandler
                0x0000000000004ba0       0x20 ./drivers/fsl_lpuart.o
                0x0000000000004ba0                LPUART4_DriverIRQHandler
 .text.SAI_TxClearStatusFlags
                0x0000000000004bc0       0x24 ./drivers/fsl_sai.o
 .text.SAI_RxClearStatusFlags
                0x0000000000004be4       0x28 ./drivers/fsl_sai.o
 .text.SAI_TxDisableInterrupts
                0x0000000000004c0c       0x28 ./drivers/fsl_sai.o
 .text.SAI_RxDisableInterrupts
                0x0000000000004c34       0x2c ./drivers/fsl_sai.o
 .text.SAI_WriteNonBlocking
                0x0000000000004c60       0x94 ./drivers/fsl_sai.o
 .text.SAI_ReadNonBlocking
                0x0000000000004cf4       0x7c ./drivers/fsl_sai.o
 .text.SAI_TxEnable
                0x0000000000004d70       0x64 ./drivers/fsl_sai.o
                0x0000000000004d70                SAI_TxEnable
 .text.SAI_RxEnable
                0x0000000000004dd4       0x6c ./drivers/fsl_sai.o
                0x0000000000004dd4                SAI_RxEnable
 .text.SAI_TransferAbortSend
                0x0000000000004e40       0x68 ./drivers/fsl_sai.o
                0x0000000000004e40                SAI_TransferAbortSend
 .text.SAI_TransferAbortReceive
                0x0000000000004ea8       0x68 ./drivers/fsl_sai.o
                0x0000000000004ea8                SAI_TransferAbortReceive
 .text.SAI_TransferTxHandleIRQ
                0x0000000000004f10      0x1c4 ./drivers/fsl_sai.o
                0x0000000000004f10                SAI_TransferTxHandleIRQ
 .text.SAI_TransferRxHandleIRQ
                0x00000000000050d4      0x1c0 ./drivers/fsl_sai.o
                0x00000000000050d4                SAI_TransferRxHandleIRQ
 .text.I2S0_Tx_DriverIRQHandler
                0x0000000000005294       0x3c ./drivers/fsl_sai.o
                0x0000000000005294                I2S0_Tx_DriverIRQHandler
 .text.I2S0_Rx_DriverIRQHandler
                0x00000000000052d0       0x3c ./drivers/fsl_sai.o
                0x00000000000052d0                I2S0_Rx_DriverIRQHandler
 .text.SDHC_GetInterruptStatusFlags
                0x000000000000530c       0x18 ./drivers/fsl_sdhc.o
 .text.SDHC_ClearInterruptStatusFlags
                0x0000000000005324       0x1c ./drivers/fsl_sdhc.o
 .text.SDHC_GetCommandResponse
                0x0000000000005340       0x3c ./drivers/fsl_sdhc.o
 .text.SDHC_WriteData
                0x000000000000537c       0x1c ./drivers/fsl_sdhc.o
 .text.SDHC_ReadData
                0x0000000000005398       0x18 ./drivers/fsl_sdhc.o
 .text.SDHC_ReceiveCommandResponse
                0x00000000000053b0       0xd8 ./drivers/fsl_sdhc.o
 .text.SDHC_ReadDataPort
                0x0000000000005488       0xac ./drivers/fsl_sdhc.o
 .text.SDHC_WriteDataPort
                0x0000000000005534       0xb0 ./drivers/fsl_sdhc.o
 .text.SDHC_TransferHandleCardDetect
                0x00000000000055e4       0x5c ./drivers/fsl_sdhc.o
 .text.SDHC_TransferHandleCommand
                0x0000000000005640       0x94 ./drivers/fsl_sdhc.o
 .text.SDHC_TransferHandleData
                0x00000000000056d4       0xf8 ./drivers/fsl_sdhc.o
 .text.SDHC_TransferHandleSdioInterrupt
                0x00000000000057cc       0x1c ./drivers/fsl_sdhc.o
 .text.SDHC_TransferHandleSdioBlockGap
                0x00000000000057e8       0x1c ./drivers/fsl_sdhc.o
 .text.SDHC_TransferHandleIRQ
                0x0000000000005804       0xbc ./drivers/fsl_sdhc.o
                0x0000000000005804                SDHC_TransferHandleIRQ
 .text.SDHC_DriverIRQHandler
                0x00000000000058c0       0x3c ./drivers/fsl_sdhc.o
                0x00000000000058c0                SDHC_DriverIRQHandler
 .text.CLOCK_SetLpuartClock
                0x00000000000058fc       0x38 ./board/board.o
 .text.BOARD_InitDebugConsole
                0x0000000000005934       0x2c ./board/board.o
                0x0000000000005934                BOARD_InitDebugConsole
 .text.CLOCK_SetXtal0Freq
                0x0000000000005960       0x1c ./board/clock_config.o
 .text.CLOCK_SetSimSafeDivs
                0x000000000000597c       0x20 ./board/clock_config.o
 .text.BOARD_BootClockRUN
                0x000000000000599c       0x58 ./board/clock_config.o
                0x000000000000599c                BOARD_BootClockRUN
 .text.CLOCK_EnableClock
                0x00000000000059f4       0x34 ./board/pin_mux.o
 .text.PORT_SetPinConfig
                0x0000000000005a28       0x44 ./board/pin_mux.o
 .text.PORT_SetPinMux
                0x0000000000005a6c       0x38 ./board/pin_mux.o
 .text.BOARD_InitPins
                0x0000000000005aa4       0xac ./board/pin_mux.o
                0x0000000000005aa4                BOARD_InitPins
 .text.modf     0x0000000000005b50       0xa4 /Applications/KDS_v3.app/Contents/toolchain/bin/../lib/gcc/arm-none-eabi/4.8.4/../../../../arm-none-eabi/lib/armv7e-m/fpu/libm.a(lib_a-s_modf.o)
                0x0000000000005b50                modf
 .text.pow      0x0000000000005bf4      0x340 /Applications/KDS_v3.app/Contents/toolchain/bin/../lib/gcc/arm-none-eabi/4.8.4/../../../../arm-none-eabi/lib/armv7e-m/fpu/libm.a(lib_a-w_pow.o)
                0x0000000000005bf4                pow
 *fill*         0x0000000000005f34        0x4 
 .text.__ieee754_pow
                0x0000000000005f38      0xae8 /Applications/KDS_v3.app/Contents/toolchain/bin/../lib/gcc/arm-none-eabi/4.8.4/../../../../arm-none-eabi/lib/armv7e-m/fpu/libm.a(lib_a-e_pow.o)
                0x0000000000005f38                __ieee754_pow
 .text.__ieee754_sqrt
                0x0000000000006a20      0x198 /Applications/KDS_v3.app/Contents/toolchain/bin/../lib/gcc/arm-none-eabi/4.8.4/../../../../arm-none-eabi/lib/armv7e-m/fpu/libm.a(lib_a-e_sqrt.o)
                0x0000000000006a20                __ieee754_sqrt
 .text.fabs     0x0000000000006bb8       0x14 /Applications/KDS_v3.app/Contents/toolchain/bin/../lib/gcc/arm-none-eabi/4.8.4/../../../../arm-none-eabi/lib/armv7e-m/fpu/libm.a(lib_a-s_fabs.o)
                0x0000000000006bb8                fabs
 .text.finite   0x0000000000006bcc       0x10 /Applications/KDS_v3.app/Contents/toolchain/bin/../lib/gcc/arm-none-eabi/4.8.4/../../../../arm-none-eabi/lib/armv7e-m/fpu/libm.a(lib_a-s_finite.o)
                0x0000000000006bcc                finite
 .text.__fpclassifyd
                0x0000000000006bdc       0x54 /Applications/KDS_v3.app/Contents/toolchain/bin/../lib/gcc/arm-none-eabi/4.8.4/../../../../arm-none-eabi/lib/armv7e-m/fpu/libm.a(lib_a-s_fpclassify.o)
                0x0000000000006bdc                __fpclassifyd
 .text.matherr  0x0000000000006c30        0x4 /Applications/KDS_v3.app/Contents/toolchain/bin/../lib/gcc/arm-none-eabi/4.8.4/../../../../arm-none-eabi/lib/armv7e-m/fpu/libm.a(lib_a-s_matherr.o)
                0x0000000000006c30                matherr
 *fill*         0x0000000000006c34        0x4 
 .text.nan      0x0000000000006c38       0x10 /Applications/KDS_v3.app/Contents/toolchain/bin/../lib/gcc/arm-none-eabi/4.8.4/../../../../arm-none-eabi/lib/armv7e-m/fpu/libm.a(lib_a-s_nan.o)
                0x0000000000006c38                nan
 .text.rint     0x0000000000006c48      0x120 /Applications/KDS_v3.app/Contents/toolchain/bin/../lib/gcc/arm-none-eabi/4.8.4/../../../../arm-none-eabi/lib/armv7e-m/fpu/libm.a(lib_a-s_rint.o)
                0x0000000000006c48                rint
 .text.scalbn   0x0000000000006d68      0x120 /Applications/KDS_v3.app/Contents/toolchain/bin/../lib/gcc/arm-none-eabi/4.8.4/../../../../arm-none-eabi/lib/armv7e-m/fpu/libm.a(lib_a-s_scalbn.o)
                0x0000000000006d68                scalbn
 .text.copysign
                0x0000000000006e88       0x24 /Applications/KDS_v3.app/Contents/toolchain/bin/../lib/gcc/arm-none-eabi/4.8.4/../../../../arm-none-eabi/lib/armv7e-m/fpu/libm.a(lib_a-s_copysign.o)
                0x0000000000006e88                copysign
 .text.abort    0x0000000000006eac        0xe /Applications/KDS_v3.app/Contents/toolchain/bin/../lib/gcc/arm-none-eabi/4.8.4/../../../../arm-none-eabi/lib/armv7e-m/fpu/libg_s.a(lib_a-abort.o)
                0x0000000000006eac                abort
 *fill*         0x0000000000006eba        0x2 
 .text.__errno  0x0000000000006ebc        0xc /Applications/KDS_v3.app/Contents/toolchain/bin/../lib/gcc/arm-none-eabi/4.8.4/../../../../arm-none-eabi/lib/armv7e-m/fpu/libg_s.a(lib_a-errno.o)
                0x0000000000006ebc                __errno
 .text.exit     0x0000000000006ec8       0x28 /Applications/KDS_v3.app/Contents/toolchain/bin/../lib/gcc/arm-none-eabi/4.8.4/../../../../arm-none-eabi/lib/armv7e-m/fpu/libg_s.a(lib_a-exit.o)
                0x0000000000006ec8                exit
 .text.__libc_init_array
                0x0000000000006ef0       0x4c /Applications/KDS_v3.app/Contents/toolchain/bin/../lib/gcc/arm-none-eabi/4.8.4/../../../../arm-none-eabi/lib/armv7e-m/fpu/libg_s.a(lib_a-init.o)
                0x0000000000006ef0                __libc_init_array
 .text.memcpy   0x0000000000006f3c       0x12 /Applications/KDS_v3.app/Contents/toolchain/bin/../lib/gcc/arm-none-eabi/4.8.4/../../../../arm-none-eabi/lib/armv7e-m/fpu/libg_s.a(lib_a-memcpy-stub.o)
                0x0000000000006f3c                memcpy
 .text.memset   0x0000000000006f4e       0x10 /Applications/KDS_v3.app/Contents/toolchain/bin/../lib/gcc/arm-none-eabi/4.8.4/../../../../arm-none-eabi/lib/armv7e-m/fpu/libg_s.a(lib_a-memset.o)
                0x0000000000006f4e                memset
 .text._raise_r
                0x0000000000006f5e       0x50 /Applications/KDS_v3.app/Contents/toolchain/bin/../lib/gcc/arm-none-eabi/4.8.4/../../../../arm-none-eabi/lib/armv7e-m/fpu/libg_s.a(lib_a-signal.o)
                0x0000000000006f5e                _raise_r
 *fill*         0x0000000000006fae        0x2 
 .text.raise    0x0000000000006fb0       0x10 /Applications/KDS_v3.app/Contents/toolchain/bin/../lib/gcc/arm-none-eabi/4.8.4/../../../../arm-none-eabi/lib/armv7e-m/fpu/libg_s.a(lib_a-signal.o)
                0x0000000000006fb0                raise
 .text._kill_r  0x0000000000006fc0       0x24 /Applications/KDS_v3.app/Contents/toolchain/bin/../lib/gcc/arm-none-eabi/4.8.4/../../../../arm-none-eabi/lib/armv7e-m/fpu/libg_s.a(lib_a-signalr.o)
                0x0000000000006fc0                _kill_r
 .text._getpid_r
                0x0000000000006fe4        0x4 /Applications/KDS_v3.app/Contents/toolchain/bin/../lib/gcc/arm-none-eabi/4.8.4/../../../../arm-none-eabi/lib/armv7e-m/fpu/libg_s.a(lib_a-signalr.o)
                0x0000000000006fe4                _getpid_r
 .text.strlen   0x0000000000006fe8       0x10 /Applications/KDS_v3.app/Contents/toolchain/bin/../lib/gcc/arm-none-eabi/4.8.4/../../../../arm-none-eabi/lib/armv7e-m/fpu/libg_s.a(lib_a-strlen.o)
                0x0000000000006fe8                strlen
 .text._getpid  0x0000000000006ff8       0x10 /Applications/KDS_v3.app/Contents/toolchain/bin/../lib/gcc/arm-none-eabi/4.8.4/../../../../arm-none-eabi/lib/armv7e-m/fpu/libnosys.a(getpid.o)
                0x0000000000006ff8                _getpid
 .text._kill    0x0000000000007008       0x10 /Applications/KDS_v3.app/Contents/toolchain/bin/../lib/gcc/arm-none-eabi/4.8.4/../../../../arm-none-eabi/lib/armv7e-m/fpu/libnosys.a(kill.o)
                0x0000000000007008                _kill
 .text._exit    0x0000000000007018        0x4 /Applications/KDS_v3.app/Contents/toolchain/bin/../lib/gcc/arm-none-eabi/4.8.4/../../../../arm-none-eabi/lib/armv7e-m/fpu/libnosys.a(_exit.o)
                0x0000000000007018                _exit
 *(.rodata)
 .rodata        0x000000000000701c       0x1c ./source/main.o
 .rodata        0x0000000000007038       0x3c ./drivers/fsl_clock.o
 .rodata        0x0000000000007074       0x40 ./drivers/fsl_common.o
 .rodata        0x00000000000070b4       0xa0 ./drivers/fsl_dspi.o
 .rodata        0x0000000000007154      0x238 ./drivers/fsl_edma.o
 .rodata        0x000000000000738c       0x48 ./drivers/fsl_gpio.o
 .rodata        0x00000000000073d4       0xd0 ./drivers/fsl_lpuart.o
 .rodata        0x00000000000074a4       0x70 ./drivers/fsl_sai.o
 .rodata        0x0000000000007514      0x19c ./drivers/fsl_sdhc.o
 .rodata        0x00000000000076b0       0x20 ./board/pin_mux.o
 *(.rodata*)
 .rodata.__func__.7113
                0x00000000000076d0       0x1c ./drivers/fsl_clock.o
 .rodata.__func__.7266
                0x00000000000076ec       0x14 ./drivers/fsl_clock.o
 .rodata.__func__.7462
                0x0000000000007700       0x14 ./drivers/fsl_clock.o
 .rodata.__func__.7720
                0x0000000000007714       0x18 ./drivers/fsl_dspi.o
 .rodata.__func__.7724
                0x000000000000772c       0x18 ./drivers/fsl_dspi.o
 .rodata.__func__.7728
                0x0000000000007744       0x18 ./drivers/fsl_dspi.o
 .rodata.__func__.7468
                0x000000000000775c       0x1c ./drivers/fsl_edma.o
 .rodata.__func__.7554
                0x0000000000007778       0x10 ./drivers/fsl_edma.o
 .rodata.s_portBases
                0x0000000000007788       0x14 ./drivers/fsl_gpio.o
 .rodata.s_gpioBases
                0x000000000000779c       0x14 ./drivers/fsl_gpio.o
 .rodata.__func__.7086
                0x00000000000077b0       0x14 ./drivers/fsl_gpio.o
 .rodata.__func__.7092
                0x00000000000077c4       0x10 ./drivers/fsl_gpio.o
 .rodata.s_lpuartBases
                0x00000000000077d4       0x14 ./drivers/fsl_lpuart.o
 .rodata.s_lpuartClock
                0x00000000000077e8       0x14 ./drivers/fsl_lpuart.o
 .rodata.__func__.7262
                0x00000000000077fc       0x14 ./drivers/fsl_lpuart.o
 .rodata.__func__.7296
                0x0000000000007810        0xc ./drivers/fsl_lpuart.o
 .rodata.__func__.7321
                0x000000000000781c       0x18 ./drivers/fsl_lpuart.o
 .rodata.__func__.7567
                0x0000000000007834       0x18 ./drivers/fsl_sai.o
 .rodata.__func__.7572
                0x000000000000784c       0x1c ./drivers/fsl_sai.o
 .rodata.__func__.7577
                0x0000000000007868       0x18 ./drivers/fsl_sai.o
 .rodata.__func__.7585
                0x0000000000007880       0x18 ./drivers/fsl_sai.o
 .rodata.__func__.7592
                0x0000000000007898       0x1c ./drivers/fsl_sai.o
 .rodata.__func__.7596
                0x00000000000078b4       0x1c ./drivers/fsl_sai.o
 .rodata.__func__.7536
                0x00000000000078d0       0x1c ./drivers/fsl_sdhc.o
 .rodata.__func__.7375
                0x00000000000078ec       0x18 ./drivers/fsl_sdhc.o
 .rodata.__func__.7545
                0x0000000000007904       0x14 ./drivers/fsl_sdhc.o
 .rodata.__func__.7572
                0x0000000000007918       0x14 ./drivers/fsl_sdhc.o
 .rodata.__func__.7634
                0x000000000000792c       0x20 ./drivers/fsl_sdhc.o
 .rodata.__func__.7640
                0x000000000000794c       0x1c ./drivers/fsl_sdhc.o
 .rodata.__func__.7646
                0x0000000000007968       0x18 ./drivers/fsl_sdhc.o
 .rodata.__func__.7783
                0x0000000000007980       0x18 ./drivers/fsl_sdhc.o
 .rodata.__func__.7788
                0x0000000000007998       0x18 ./drivers/fsl_sdhc.o
 .rodata.g_defaultClockConfigRun
                0x00000000000079b0       0x20 ./board/clock_config.o
                0x00000000000079b0                g_defaultClockConfigRun
 .rodata.__func__.7103
                0x00000000000079d0       0x14 ./board/pin_mux.o
 .rodata.str1.4
                0x00000000000079e4        0x4 /Applications/KDS_v3.app/Contents/toolchain/bin/../lib/gcc/arm-none-eabi/4.8.4/../../../../arm-none-eabi/lib/armv7e-m/fpu/libm.a(lib_a-w_pow.o)
 .rodata.dp_h   0x00000000000079e8       0x10 /Applications/KDS_v3.app/Contents/toolchain/bin/../lib/gcc/arm-none-eabi/4.8.4/../../../../arm-none-eabi/lib/armv7e-m/fpu/libm.a(lib_a-e_pow.o)
 .rodata.dp_l   0x00000000000079f8       0x10 /Applications/KDS_v3.app/Contents/toolchain/bin/../lib/gcc/arm-none-eabi/4.8.4/../../../../arm-none-eabi/lib/armv7e-m/fpu/libm.a(lib_a-e_pow.o)
 .rodata.bp     0x0000000000007a08       0x10 /Applications/KDS_v3.app/Contents/toolchain/bin/../lib/gcc/arm-none-eabi/4.8.4/../../../../arm-none-eabi/lib/armv7e-m/fpu/libm.a(lib_a-e_pow.o)
 .rodata.str1.4
                0x0000000000007a18        0x4 /Applications/KDS_v3.app/Contents/toolchain/bin/../lib/gcc/arm-none-eabi/4.8.4/../../../../arm-none-eabi/lib/armv7e-m/fpu/libm.a(lib_a-e_pow.o)
 *fill*         0x0000000000007a1c        0x4 
 .rodata.TWO52  0x0000000000007a20       0x10 /Applications/KDS_v3.app/Contents/toolchain/bin/../lib/gcc/arm-none-eabi/4.8.4/../../../../arm-none-eabi/lib/armv7e-m/fpu/libm.a(lib_a-s_rint.o)
 .rodata.str1.1
                0x0000000000007a30        0x2 /Applications/KDS_v3.app/Contents/toolchain/bin/../lib/gcc/arm-none-eabi/4.8.4/../../../../arm-none-eabi/lib/armv7e-m/fpu/libg_s.a(lib_a-impure.o)
 *fill*         0x0000000000007a32        0x2 
 .rodata._global_impure_ptr
                0x0000000000007a34        0x4 /Applications/KDS_v3.app/Contents/toolchain/bin/../lib/gcc/arm-none-eabi/4.8.4/../../../../arm-none-eabi/lib/armv7e-m/fpu/libg_s.a(lib_a-impure.o)
                0x0000000000007a34                _global_impure_ptr
 *(.glue_7)
 .glue_7        0x0000000000000000        0x0 linker stubs
 *(.glue_7t)
 .glue_7t       0x0000000000000000        0x0 linker stubs
 *(.eh_frame)
 .eh_frame      0x0000000000007a38        0x0 /Applications/KDS_v3.app/Contents/toolchain/bin/../lib/gcc/arm-none-eabi/4.8.4/armv7e-m/fpu/crtbegin.o
 *(.init)
 .init          0x0000000000007a38        0x4 /Applications/KDS_v3.app/Contents/toolchain/bin/../lib/gcc/arm-none-eabi/4.8.4/armv7e-m/fpu/crti.o
                0x0000000000007a38                _init
 .init          0x0000000000007a3c        0x8 /Applications/KDS_v3.app/Contents/toolchain/bin/../lib/gcc/arm-none-eabi/4.8.4/armv7e-m/fpu/crtn.o
 *(.fini)
 .fini          0x0000000000007a44        0x4 /Applications/KDS_v3.app/Contents/toolchain/bin/../lib/gcc/arm-none-eabi/4.8.4/armv7e-m/fpu/crti.o
                0x0000000000007a44                _fini
 .fini          0x0000000000007a48        0x8 /Applications/KDS_v3.app/Contents/toolchain/bin/../lib/gcc/arm-none-eabi/4.8.4/armv7e-m/fpu/crtn.o
                0x0000000000007a50                . = ALIGN (0x4)

.vfp11_veneer   0x0000000000007a50        0x0
 .vfp11_veneer  0x0000000000000000        0x0 linker stubs

.v4_bx          0x0000000000007a50        0x0
 .v4_bx         0x0000000000000000        0x0 linker stubs

.iplt           0x0000000000007a50        0x0
 .iplt          0x0000000000000000        0x0 /Applications/KDS_v3.app/Contents/toolchain/bin/../lib/gcc/arm-none-eabi/4.8.4/armv7e-m/fpu/crtbegin.o

.ARM.extab      0x0000000000007a50       0x24
 *(.ARM.extab* .gnu.linkonce.armextab.*)
 .ARM.extab     0x0000000000007a50        0xc /Applications/KDS_v3.app/Contents/toolchain/bin/../lib/gcc/arm-none-eabi/4.8.4/armv7e-m/fpu/libgcc.a(unwind-arm.o)
 .ARM.extab     0x0000000000007a5c       0x18 /Applications/KDS_v3.app/Contents/toolchain/bin/../lib/gcc/arm-none-eabi/4.8.4/armv7e-m/fpu/libgcc.a(pr-support.o)

.ARM            0x0000000000007a74       0xd8
                0x0000000000007a74                __exidx_start = .
 *(.ARM.exidx*)
 .ARM.exidx     0x0000000000007a74        0x8 /Applications/KDS_v3.app/Contents/toolchain/bin/../lib/gcc/arm-none-eabi/4.8.4/../../../../arm-none-eabi/lib/armv7e-m/fpu/crt0.o
 .ARM.exidx.text.NVIC_EnableIRQ
                0x0000000000007b3c        0x0 ./source/watervalve.o
                                          0x8 (size before relaxing)
 .ARM.exidx.text.EnableIRQ
                0x0000000000007b3c        0x0 ./source/watervalve.o
                                          0x8 (size before relaxing)
 .ARM.exidx.text.GPIO_SetPinsOutput
                0x0000000000007b3c        0x0 ./source/watervalve.o
                                          0x8 (size before relaxing)
 .ARM.exidx.text.GPIO_TogglePinsOutput
                0x0000000000007b3c        0x0 ./source/watervalve.o
                                          0x8 (size before relaxing)
 .ARM.exidx.text.PORT_SetPinInterruptConfig
                0x0000000000007b3c        0x0 ./source/watervalve.o
                                          0x8 (size before relaxing)
 .ARM.exidx.text.initState
                0x0000000000007b3c        0x8 ./source/watervalve.o
 .ARM.exidx.text.openValve
                0x0000000000007b44        0x8 ./source/watervalve.o
 .ARM.exidx.text.closeValve
                0x0000000000007b4c        0x0 ./source/watervalve.o
                                          0x8 (size before relaxing)
 .ARM.exidx     0x0000000000007a7c       0x88 /Applications/KDS_v3.app/Contents/toolchain/bin/../lib/gcc/arm-none-eabi/4.8.4/armv7e-m/fpu/libgcc.a(unwind-arm.o)
                                         0xd8 (size before relaxing)
 .ARM.exidx     0x0000000000007b04       0x38 /Applications/KDS_v3.app/Contents/toolchain/bin/../lib/gcc/arm-none-eabi/4.8.4/armv7e-m/fpu/libgcc.a(pr-support.o)
                                         0x48 (size before relaxing)
 .ARM.exidx     0x0000000000007b3c        0x0 /Applications/KDS_v3.app/Contents/toolchain/bin/../lib/gcc/arm-none-eabi/4.8.4/armv7e-m/fpu/libgcc.a(_divdi3.o)
                                          0x8 (size before relaxing)
 .ARM.exidx     0x0000000000007b3c        0x0 /Applications/KDS_v3.app/Contents/toolchain/bin/../lib/gcc/arm-none-eabi/4.8.4/armv7e-m/fpu/libgcc.a(_udivdi3.o)
                                          0x8 (size before relaxing)
                0x0000000000007b4c                __exidx_end = .

.rel.dyn        0x0000000000007b4c        0x0
 .rel.iplt      0x0000000000000000        0x0 /Applications/KDS_v3.app/Contents/toolchain/bin/../lib/gcc/arm-none-eabi/4.8.4/armv7e-m/fpu/crtbegin.o

.ctors          0x0000000000007b4c        0x0
                0x0000000000007b4c                __CTOR_LIST__ = .
 *crtbegin.o(.ctors)
 *crtbegin?.o(.ctors)
 *(EXCLUDE_FILE(*crtend.o *crtend?.o) .ctors)
 *(SORT(.ctors.*))
 *(.ctors)
                0x0000000000007b4c                __CTOR_END__ = .

.dtors          0x0000000000007b4c        0x0
                0x0000000000007b4c                __DTOR_LIST__ = .
 *crtbegin.o(.dtors)
 *crtbegin?.o(.dtors)
 *(EXCLUDE_FILE(*crtend.o *crtend?.o) .dtors)
 *(SORT(.dtors.*))
 *(.dtors)
                0x0000000000007b4c                __DTOR_END__ = .

.preinit_array  0x0000000000007b4c        0x0
                0x0000000000007b4c                PROVIDE (__preinit_array_start, .)
 *(.preinit_array*)
                0x0000000000007b4c                PROVIDE (__preinit_array_end, .)

.init_array     0x0000000000007b4c        0x4
                0x0000000000007b4c                PROVIDE (__init_array_start, .)
 *(SORT(.init_array.*))
 *(.init_array*)
 .init_array    0x0000000000007b4c        0x4 /Applications/KDS_v3.app/Contents/toolchain/bin/../lib/gcc/arm-none-eabi/4.8.4/armv7e-m/fpu/crtbegin.o
                0x0000000000007b50                PROVIDE (__init_array_end, .)

.fini_array     0x0000000000007b50        0x4
                0x0000000000007b50                PROVIDE (__fini_array_start, .)
 *(SORT(.fini_array.*))
 *(.fini_array*)
 .fini_array    0x0000000000007b50        0x4 /Applications/KDS_v3.app/Contents/toolchain/bin/../lib/gcc/arm-none-eabi/4.8.4/armv7e-m/fpu/crtbegin.o
                0x0000000000007b54                PROVIDE (__fini_array_end, .)
                0x0000000000007b54                __etext = .
                0x0000000000007b54                __DATA_ROM = .

.interrupts_ram
                0x000000001fff0000        0x0
                0x000000001fff0000                . = ALIGN (0x4)
                0x000000001fff0000                __VECTOR_RAM__ = .
                0x000000001fff0000                __interrupts_ram_start__ = .
 *(.m_interrupts_ram)
                0x000000001fff0000                . = (. + M_VECTOR_RAM_SIZE)
                0x000000001fff0000                . = ALIGN (0x4)
                0x000000001fff0000                __interrupts_ram_end__ = .
                0x0000000000000000                __VECTOR_RAM = DEFINED (__ram_vector_table__)?__VECTOR_RAM__:ORIGIN (m_interrupts)
                0x0000000000000000                __RAM_VECTOR_TABLE_SIZE_BYTES = DEFINED (__ram_vector_table__)?(__interrupts_ram_end__ - __interrupts_ram_start__):0x0

.data           0x000000001fff0000       0x78 load address 0x0000000000007b54
                0x000000001fff0000                . = ALIGN (0x4)
                0x000000001fff0000                __DATA_RAM = .
                0x000000001fff0000                __data_start__ = .
 *(.data)
 *(.data*)
 .data.SystemCoreClock
                0x000000001fff0000        0x4 ./startup/system_MK82F25615.o
                0x000000001fff0000                SystemCoreClock
 .data.valve_config
                0x000000001fff0004        0x4 ./source/watervalve.o
                0x000000001fff0004                valve_config
 .data.power_config
                0x000000001fff0008        0x4 ./source/watervalve.o
                0x000000001fff0008                power_config
 .data.__fdlib_version
                0x000000001fff000c        0x1 /Applications/KDS_v3.app/Contents/toolchain/bin/../lib/gcc/arm-none-eabi/4.8.4/../../../../arm-none-eabi/lib/armv7e-m/fpu/libm.a(lib_a-s_lib_ver.o)
                0x000000001fff000c                __fdlib_version
 *fill*         0x000000001fff000d        0x3 
 .data.impure_data
                0x000000001fff0010       0x60 /Applications/KDS_v3.app/Contents/toolchain/bin/../lib/gcc/arm-none-eabi/4.8.4/../../../../arm-none-eabi/lib/armv7e-m/fpu/libg_s.a(lib_a-impure.o)
 .data._impure_ptr
                0x000000001fff0070        0x4 /Applications/KDS_v3.app/Contents/toolchain/bin/../lib/gcc/arm-none-eabi/4.8.4/../../../../arm-none-eabi/lib/armv7e-m/fpu/libg_s.a(lib_a-impure.o)
                0x000000001fff0070                _impure_ptr
 *(.jcr*)
 .jcr           0x000000001fff0074        0x0 /Applications/KDS_v3.app/Contents/toolchain/bin/../lib/gcc/arm-none-eabi/4.8.4/armv7e-m/fpu/crtbegin.o
 .jcr           0x000000001fff0074        0x4 /Applications/KDS_v3.app/Contents/toolchain/bin/../lib/gcc/arm-none-eabi/4.8.4/armv7e-m/fpu/crtend.o
                0x000000001fff0078                . = ALIGN (0x4)
                0x000000001fff0078                __data_end__ = .
                0x0000000000007bcc                __DATA_END = (__DATA_ROM + (__data_end__ - __data_start__))
                0x0000000000040000                text_end = (ORIGIN (m_text) + 0x3fbf0)
                0x0000000000000001                ASSERT ((__DATA_END <= text_end), region m_text overflowed with text and data)
                0x0000000000000800                USB_RAM_GAP = DEFINED (__usb_ram_size__)?__usb_ram_size__:0x800

.igot.plt       0x000000001fff0078        0x0 load address 0x0000000000007bcc
 .igot.plt      0x0000000000000000        0x0 /Applications/KDS_v3.app/Contents/toolchain/bin/../lib/gcc/arm-none-eabi/4.8.4/armv7e-m/fpu/crtbegin.o

.bss            0x000000001fff0078      0x99c load address 0x0000000000007bcc
                0x000000001fff0078                . = ALIGN (0x4)
                0x000000001fff0078                __START_BSS = .
                0x000000001fff0078                __bss_start__ = .
 *(.bss)
 .bss           0x000000001fff0078       0x1c /Applications/KDS_v3.app/Contents/toolchain/bin/../lib/gcc/arm-none-eabi/4.8.4/armv7e-m/fpu/crtbegin.o
 *(.bss*)
 .bss.s_debugConsole
                0x000000001fff0094       0x10 ./utilities/fsl_debug_console.o
 .bss.sw2_ButtonPress
                0x000000001fff00a4        0x1 ./source/main.o
                0x000000001fff00a4                sw2_ButtonPress
 .bss.sw1_ButtonPress
                0x000000001fff00a5        0x1 ./source/main.o
                0x000000001fff00a5                sw1_ButtonPress
 *fill*         0x000000001fff00a6        0x2 
 .bss.sw2_config
                0x000000001fff00a8        0x4 ./source/watervalve.o
                0x000000001fff00a8                sw2_config
 .bss.g_dspiHandle
                0x000000001fff00ac        0xc ./drivers/fsl_dspi.o
 .bss.s_dspiMasterIsr
                0x000000001fff00b8        0x4 ./drivers/fsl_dspi.o
 .bss.s_dspiSlaveIsr
                0x000000001fff00bc        0x4 ./drivers/fsl_dspi.o
 .bss.s_EDMAHandle
                0x000000001fff00c0       0x80 ./drivers/fsl_edma.o
 .bss.s_flexioHandle
                0x000000001fff0140        0x8 ./drivers/fsl_flexio.o
 .bss.s_flexioType
                0x000000001fff0148        0x8 ./drivers/fsl_flexio.o
 .bss.s_flexioIsr
                0x000000001fff0150        0x8 ./drivers/fsl_flexio.o
 .bss.s_i2cHandle
                0x000000001fff0158       0x10 ./drivers/fsl_i2c.o
 .bss.s_i2cMasterIsr
                0x000000001fff0168        0x4 ./drivers/fsl_i2c.o
 .bss.s_i2cSlaveIsr
                0x000000001fff016c        0x4 ./drivers/fsl_i2c.o
 .bss.s_lpuartHandle
                0x000000001fff0170       0x14 ./drivers/fsl_lpuart.o
 .bss.s_lpuartIsr
                0x000000001fff0184        0x4 ./drivers/fsl_lpuart.o
 .bss.s_sdhcHandle
                0x000000001fff0188        0x4 ./drivers/fsl_sdhc.o
                0x000000001fff0200                . = ALIGN (0x200)
 *fill*         0x000000001fff018c       0x74 
                0x000000001fff0200                USB_RAM_START = .
                0x000000001fff0a00                . = (. + USB_RAM_GAP)
 *fill*         0x000000001fff0200      0x800 
 *(COMMON)
 COMMON         0x000000001fff0a00        0x8 ./drivers/fsl_clock.o
                0x000000001fff0a00                g_xtal32Freq
                0x000000001fff0a04                g_xtal0Freq
 COMMON         0x000000001fff0a08        0x8 ./drivers/fsl_sai.o
                0x000000001fff0a08                s_saiHandle
 COMMON         0x000000001fff0a10        0x4 /Applications/KDS_v3.app/Contents/toolchain/bin/../lib/gcc/arm-none-eabi/4.8.4/../../../../arm-none-eabi/lib/armv7e-m/fpu/libg_s.a(lib_a-reent.o)
                0x000000001fff0a10                errno
                0x000000001fff0a14                . = ALIGN (0x4)
                0x000000001fff0a14                __bss_end__ = .
                0x000000001fff0a14                __END_BSS = .

.heap           0x0000000020000000      0x400
                0x0000000020000000                . = ALIGN (0x8)
                0x0000000020000000                __end__ = .
                0x0000000020000000                PROVIDE (end, .)
                0x0000000020000000                __HeapBase = .
                0x0000000020000400                . = (. + HEAP_SIZE)
 *fill*         0x0000000020000000      0x400 
                0x0000000020000400                __HeapLimit = .
                0x0000000020000400                __heap_limit = .

.stack          0x0000000020000400      0x400
                0x0000000020000400                . = ALIGN (0x8)
                0x0000000020000800                . = (. + STACK_SIZE)
 *fill*         0x0000000020000400      0x400 

m_usb_bdt       0x000000001fff0200        0x0
 *(m_usb_bdt)
                0x000000001fff0200                USB_RAM_BDT_END = .

m_usb_global
 *(m_usb_global)
                0x0000000020030000                __StackTop = (ORIGIN (m_data_2) + 0x30000)
                0x000000002002fc00                __StackLimit = (__StackTop - STACK_SIZE)
                0x0000000020030000                PROVIDE (__stack, __StackTop)

.ARM.attributes
                0x0000000000000000       0x30
 *(.ARM.attributes)
 .ARM.attributes
                0x0000000000000000       0x22 /Applications/KDS_v3.app/Contents/toolchain/bin/../lib/gcc/arm-none-eabi/4.8.4/armv7e-m/fpu/crti.o
 .ARM.attributes
                0x0000000000000022       0x34 /Applications/KDS_v3.app/Contents/toolchain/bin/../lib/gcc/arm-none-eabi/4.8.4/armv7e-m/fpu/crtbegin.o
 .ARM.attributes
                0x0000000000000056       0x20 /Applications/KDS_v3.app/Contents/toolchain/bin/../lib/gcc/arm-none-eabi/4.8.4/../../../../arm-none-eabi/lib/armv7e-m/fpu/crt0.o
 .ARM.attributes
                0x0000000000000076       0x39 ./utilities/fsl_debug_console.o
 .ARM.attributes
                0x00000000000000af       0x1f ./startup/startup_MK82F25615.o
 .ARM.attributes
                0x00000000000000ce       0x39 ./startup/system_MK82F25615.o
 .ARM.attributes
                0x0000000000000107       0x39 ./source/main.o
 .ARM.attributes
                0x0000000000000140       0x39 ./source/watervalve.o
 .ARM.attributes
                0x0000000000000179       0x39 ./drivers/fsl_clock.o
 .ARM.attributes
                0x00000000000001b2       0x39 ./drivers/fsl_common.o
 .ARM.attributes
                0x00000000000001eb       0x39 ./drivers/fsl_dspi.o
 .ARM.attributes
                0x0000000000000224       0x39 ./drivers/fsl_edma.o
 .ARM.attributes
                0x000000000000025d       0x39 ./drivers/fsl_flexio.o
 .ARM.attributes
                0x0000000000000296       0x39 ./drivers/fsl_gpio.o
 .ARM.attributes
                0x00000000000002cf       0x39 ./drivers/fsl_i2c.o
 .ARM.attributes
                0x0000000000000308       0x39 ./drivers/fsl_lpuart.o
 .ARM.attributes
                0x0000000000000341       0x39 ./drivers/fsl_sai.o
 .ARM.attributes
                0x000000000000037a       0x39 ./drivers/fsl_sdhc.o
 .ARM.attributes
                0x00000000000003b3       0x39 ./board/board.o
 .ARM.attributes
                0x00000000000003ec       0x39 ./board/clock_config.o
 .ARM.attributes
                0x0000000000000425       0x39 ./board/pin_mux.o
 .ARM.attributes
                0x000000000000045e       0x34 /Applications/KDS_v3.app/Contents/toolchain/bin/../lib/gcc/arm-none-eabi/4.8.4/../../../../arm-none-eabi/lib/armv7e-m/fpu/libm.a(lib_a-s_modf.o)
 .ARM.attributes
                0x0000000000000492       0x34 /Applications/KDS_v3.app/Contents/toolchain/bin/../lib/gcc/arm-none-eabi/4.8.4/../../../../arm-none-eabi/lib/armv7e-m/fpu/libm.a(lib_a-w_pow.o)
 .ARM.attributes
                0x00000000000004c6       0x34 /Applications/KDS_v3.app/Contents/toolchain/bin/../lib/gcc/arm-none-eabi/4.8.4/../../../../arm-none-eabi/lib/armv7e-m/fpu/libm.a(lib_a-e_pow.o)
 .ARM.attributes
                0x00000000000004fa       0x34 /Applications/KDS_v3.app/Contents/toolchain/bin/../lib/gcc/arm-none-eabi/4.8.4/../../../../arm-none-eabi/lib/armv7e-m/fpu/libm.a(lib_a-e_sqrt.o)
 .ARM.attributes
                0x000000000000052e       0x34 /Applications/KDS_v3.app/Contents/toolchain/bin/../lib/gcc/arm-none-eabi/4.8.4/../../../../arm-none-eabi/lib/armv7e-m/fpu/libm.a(lib_a-s_fabs.o)
 .ARM.attributes
                0x0000000000000562       0x34 /Applications/KDS_v3.app/Contents/toolchain/bin/../lib/gcc/arm-none-eabi/4.8.4/../../../../arm-none-eabi/lib/armv7e-m/fpu/libm.a(lib_a-s_finite.o)
 .ARM.attributes
                0x0000000000000596       0x34 /Applications/KDS_v3.app/Contents/toolchain/bin/../lib/gcc/arm-none-eabi/4.8.4/../../../../arm-none-eabi/lib/armv7e-m/fpu/libm.a(lib_a-s_fpclassify.o)
 .ARM.attributes
                0x00000000000005ca       0x34 /Applications/KDS_v3.app/Contents/toolchain/bin/../lib/gcc/arm-none-eabi/4.8.4/../../../../arm-none-eabi/lib/armv7e-m/fpu/libm.a(lib_a-s_lib_ver.o)
 .ARM.attributes
                0x00000000000005fe       0x34 /Applications/KDS_v3.app/Contents/toolchain/bin/../lib/gcc/arm-none-eabi/4.8.4/../../../../arm-none-eabi/lib/armv7e-m/fpu/libm.a(lib_a-s_matherr.o)
 .ARM.attributes
                0x0000000000000632       0x34 /Applications/KDS_v3.app/Contents/toolchain/bin/../lib/gcc/arm-none-eabi/4.8.4/../../../../arm-none-eabi/lib/armv7e-m/fpu/libm.a(lib_a-s_nan.o)
 .ARM.attributes
                0x0000000000000666       0x34 /Applications/KDS_v3.app/Contents/toolchain/bin/../lib/gcc/arm-none-eabi/4.8.4/../../../../arm-none-eabi/lib/armv7e-m/fpu/libm.a(lib_a-s_rint.o)
 .ARM.attributes
                0x000000000000069a       0x34 /Applications/KDS_v3.app/Contents/toolchain/bin/../lib/gcc/arm-none-eabi/4.8.4/../../../../arm-none-eabi/lib/armv7e-m/fpu/libm.a(lib_a-s_scalbn.o)
 .ARM.attributes
                0x00000000000006ce       0x34 /Applications/KDS_v3.app/Contents/toolchain/bin/../lib/gcc/arm-none-eabi/4.8.4/../../../../arm-none-eabi/lib/armv7e-m/fpu/libm.a(lib_a-s_copysign.o)
 .ARM.attributes
                0x0000000000000702       0x22 /Applications/KDS_v3.app/Contents/toolchain/bin/../lib/gcc/arm-none-eabi/4.8.4/armv7e-m/fpu/libgcc.a(_arm_addsubdf3.o)
 .ARM.attributes
                0x0000000000000724       0x22 /Applications/KDS_v3.app/Contents/toolchain/bin/../lib/gcc/arm-none-eabi/4.8.4/armv7e-m/fpu/libgcc.a(_arm_muldivdf3.o)
 .ARM.attributes
                0x0000000000000746       0x22 /Applications/KDS_v3.app/Contents/toolchain/bin/../lib/gcc/arm-none-eabi/4.8.4/armv7e-m/fpu/libgcc.a(_arm_cmpdf2.o)
 .ARM.attributes
                0x0000000000000768       0x22 /Applications/KDS_v3.app/Contents/toolchain/bin/../lib/gcc/arm-none-eabi/4.8.4/armv7e-m/fpu/libgcc.a(_arm_fixdfsi.o)
 .ARM.attributes
                0x000000000000078a       0x22 /Applications/KDS_v3.app/Contents/toolchain/bin/../lib/gcc/arm-none-eabi/4.8.4/armv7e-m/fpu/libgcc.a(_aeabi_ldivmod.o)
 .ARM.attributes
                0x00000000000007ac       0x22 /Applications/KDS_v3.app/Contents/toolchain/bin/../lib/gcc/arm-none-eabi/4.8.4/armv7e-m/fpu/libgcc.a(_aeabi_uldivmod.o)
 .ARM.attributes
                0x00000000000007ce       0x34 /Applications/KDS_v3.app/Contents/toolchain/bin/../lib/gcc/arm-none-eabi/4.8.4/armv7e-m/fpu/libgcc.a(_fixdfdi.o)
 .ARM.attributes
                0x0000000000000802       0x34 /Applications/KDS_v3.app/Contents/toolchain/bin/../lib/gcc/arm-none-eabi/4.8.4/armv7e-m/fpu/libgcc.a(_fixunsdfdi.o)
 .ARM.attributes
                0x0000000000000836       0x34 /Applications/KDS_v3.app/Contents/toolchain/bin/../lib/gcc/arm-none-eabi/4.8.4/armv7e-m/fpu/libgcc.a(bpabi.o)
 .ARM.attributes
                0x000000000000086a       0x22 /Applications/KDS_v3.app/Contents/toolchain/bin/../lib/gcc/arm-none-eabi/4.8.4/armv7e-m/fpu/libgcc.a(_dvmd_tls.o)
 .ARM.attributes
                0x000000000000088c       0x22 /Applications/KDS_v3.app/Contents/toolchain/bin/../lib/gcc/arm-none-eabi/4.8.4/armv7e-m/fpu/libgcc.a(_arm_fixunsdfsi.o)
 .ARM.attributes
                0x00000000000008ae       0x34 /Applications/KDS_v3.app/Contents/toolchain/bin/../lib/gcc/arm-none-eabi/4.8.4/armv7e-m/fpu/libgcc.a(_divdi3.o)
 .ARM.attributes
                0x00000000000008e2       0x34 /Applications/KDS_v3.app/Contents/toolchain/bin/../lib/gcc/arm-none-eabi/4.8.4/armv7e-m/fpu/libgcc.a(_udivdi3.o)
 .ARM.attributes
                0x0000000000000916       0x34 /Applications/KDS_v3.app/Contents/toolchain/bin/../lib/gcc/arm-none-eabi/4.8.4/../../../../arm-none-eabi/lib/armv7e-m/fpu/libg_s.a(lib_a-errno.o)
 .ARM.attributes
                0x000000000000094a       0x34 /Applications/KDS_v3.app/Contents/toolchain/bin/../lib/gcc/arm-none-eabi/4.8.4/../../../../arm-none-eabi/lib/armv7e-m/fpu/libg_s.a(lib_a-exit.o)
 .ARM.attributes
                0x000000000000097e       0x34 /Applications/KDS_v3.app/Contents/toolchain/bin/../lib/gcc/arm-none-eabi/4.8.4/../../../../arm-none-eabi/lib/armv7e-m/fpu/libg_s.a(lib_a-impure.o)
 .ARM.attributes
                0x00000000000009b2       0x34 /Applications/KDS_v3.app/Contents/toolchain/bin/../lib/gcc/arm-none-eabi/4.8.4/../../../../arm-none-eabi/lib/armv7e-m/fpu/libg_s.a(lib_a-init.o)
 .ARM.attributes
                0x00000000000009e6       0x34 /Applications/KDS_v3.app/Contents/toolchain/bin/../lib/gcc/arm-none-eabi/4.8.4/../../../../arm-none-eabi/lib/armv7e-m/fpu/libg_s.a(lib_a-memset.o)
 .ARM.attributes
                0x0000000000000a1a       0x34 /Applications/KDS_v3.app/Contents/toolchain/bin/../lib/gcc/arm-none-eabi/4.8.4/../../../../arm-none-eabi/lib/armv7e-m/fpu/libg_s.a(lib_a-strlen.o)
 .ARM.attributes
                0x0000000000000a4e       0x34 /Applications/KDS_v3.app/Contents/toolchain/bin/../lib/gcc/arm-none-eabi/4.8.4/../../../../arm-none-eabi/lib/armv7e-m/fpu/libnosys.a(_exit.o)
 .ARM.attributes
                0x0000000000000a82       0x34 /Applications/KDS_v3.app/Contents/toolchain/bin/../lib/gcc/arm-none-eabi/4.8.4/armv7e-m/fpu/crtend.o
 .ARM.attributes
                0x0000000000000ab6       0x22 /Applications/KDS_v3.app/Contents/toolchain/bin/../lib/gcc/arm-none-eabi/4.8.4/armv7e-m/fpu/crtn.o
                0x0000000000000001                ASSERT ((__StackLimit >= __HeapLimit), region m_data_2 overflowed with stack and heap)
OUTPUT(Water flow.elf elf32-littlearm)

.debug_info     0x0000000000000000    0x12c06
 .debug_info    0x0000000000000000      0xdb3 ./utilities/fsl_debug_console.o
 .debug_info    0x0000000000000db3       0x7c ./startup/startup_MK82F25615.o
 .debug_info    0x0000000000000e2f      0x620 ./startup/system_MK82F25615.o
 .debug_info    0x000000000000144f      0x2d1 ./source/main.o
 .debug_info    0x0000000000001720      0x9a4 ./source/watervalve.o
 .debug_info    0x00000000000020c4     0x1fa2 ./drivers/fsl_clock.o
 .debug_info    0x0000000000004066      0x69d ./drivers/fsl_common.o
 .debug_info    0x0000000000004703     0x222a ./drivers/fsl_dspi.o
 .debug_info    0x000000000000692d     0x23f3 ./drivers/fsl_edma.o
 .debug_info    0x0000000000008d20     0x10a1 ./drivers/fsl_flexio.o
 .debug_info    0x0000000000009dc1      0x556 ./drivers/fsl_gpio.o
 .debug_info    0x000000000000a317     0x1d36 ./drivers/fsl_i2c.o
 .debug_info    0x000000000000c04d     0x1977 ./drivers/fsl_lpuart.o
 .debug_info    0x000000000000d9c4     0x1c82 ./drivers/fsl_sai.o
 .debug_info    0x000000000000f646     0x2331 ./drivers/fsl_sdhc.o
 .debug_info    0x0000000000011977      0x384 ./board/board.o
 .debug_info    0x0000000000011cfb      0x905 ./board/clock_config.o
 .debug_info    0x0000000000012600      0x606 ./board/pin_mux.o

.debug_abbrev   0x0000000000000000     0x2545
 .debug_abbrev  0x0000000000000000      0x25a ./utilities/fsl_debug_console.o
 .debug_abbrev  0x000000000000025a       0x14 ./startup/startup_MK82F25615.o
 .debug_abbrev  0x000000000000026e      0x11a ./startup/system_MK82F25615.o
 .debug_abbrev  0x0000000000000388      0x12d ./source/main.o
 .debug_abbrev  0x00000000000004b5      0x1c1 ./source/watervalve.o
 .debug_abbrev  0x0000000000000676      0x2c9 ./drivers/fsl_clock.o
 .debug_abbrev  0x000000000000093f      0x168 ./drivers/fsl_common.o
 .debug_abbrev  0x0000000000000aa7      0x2f1 ./drivers/fsl_dspi.o
 .debug_abbrev  0x0000000000000d98      0x3a4 ./drivers/fsl_edma.o
 .debug_abbrev  0x000000000000113c      0x230 ./drivers/fsl_flexio.o
 .debug_abbrev  0x000000000000136c      0x195 ./drivers/fsl_gpio.o
 .debug_abbrev  0x0000000000001501      0x313 ./drivers/fsl_i2c.o
 .debug_abbrev  0x0000000000001814      0x372 ./drivers/fsl_lpuart.o
 .debug_abbrev  0x0000000000001b86      0x28f ./drivers/fsl_sai.o
 .debug_abbrev  0x0000000000001e15      0x292 ./drivers/fsl_sdhc.o
 .debug_abbrev  0x00000000000020a7      0x11a ./board/board.o
 .debug_abbrev  0x00000000000021c1      0x1b6 ./board/clock_config.o
 .debug_abbrev  0x0000000000002377      0x1ce ./board/pin_mux.o

.debug_aranges  0x0000000000000000      0xf88
 .debug_aranges
                0x0000000000000000       0x98 ./utilities/fsl_debug_console.o
 .debug_aranges
                0x0000000000000098       0x20 ./startup/startup_MK82F25615.o
 .debug_aranges
                0x00000000000000b8       0x28 ./startup/system_MK82F25615.o
 .debug_aranges
                0x00000000000000e0       0x40 ./source/main.o
 .debug_aranges
                0x0000000000000120       0x68 ./source/watervalve.o
 .debug_aranges
                0x0000000000000188      0x1f8 ./drivers/fsl_clock.o
 .debug_aranges
                0x0000000000000380       0x28 ./drivers/fsl_common.o
 .debug_aranges
                0x00000000000003a8      0x1a8 ./drivers/fsl_dspi.o
 .debug_aranges
                0x0000000000000550      0x2c8 ./drivers/fsl_edma.o
 .debug_aranges
                0x0000000000000818       0x98 ./drivers/fsl_flexio.o
 .debug_aranges
                0x00000000000008b0       0x40 ./drivers/fsl_gpio.o
 .debug_aranges
                0x00000000000008f0      0x180 ./drivers/fsl_i2c.o
 .debug_aranges
                0x0000000000000a70      0x170 ./drivers/fsl_lpuart.o
 .debug_aranges
                0x0000000000000be0      0x160 ./drivers/fsl_sai.o
 .debug_aranges
                0x0000000000000d40      0x198 ./drivers/fsl_sdhc.o
 .debug_aranges
                0x0000000000000ed8       0x28 ./board/board.o
 .debug_aranges
                0x0000000000000f00       0x50 ./board/clock_config.o
 .debug_aranges
                0x0000000000000f50       0x38 ./board/pin_mux.o

.debug_ranges   0x0000000000000000      0xe58
 .debug_ranges  0x0000000000000000       0x88 ./utilities/fsl_debug_console.o
 .debug_ranges  0x0000000000000088       0x18 ./startup/system_MK82F25615.o
 .debug_ranges  0x00000000000000a0       0x30 ./source/main.o
 .debug_ranges  0x00000000000000d0       0x58 ./source/watervalve.o
 .debug_ranges  0x0000000000000128      0x1e8 ./drivers/fsl_clock.o
 .debug_ranges  0x0000000000000310       0x18 ./drivers/fsl_common.o
 .debug_ranges  0x0000000000000328      0x198 ./drivers/fsl_dspi.o
 .debug_ranges  0x00000000000004c0      0x2b8 ./drivers/fsl_edma.o
 .debug_ranges  0x0000000000000778       0x88 ./drivers/fsl_flexio.o
 .debug_ranges  0x0000000000000800       0x30 ./drivers/fsl_gpio.o
 .debug_ranges  0x0000000000000830      0x170 ./drivers/fsl_i2c.o
 .debug_ranges  0x00000000000009a0      0x160 ./drivers/fsl_lpuart.o
 .debug_ranges  0x0000000000000b00      0x150 ./drivers/fsl_sai.o
 .debug_ranges  0x0000000000000c50      0x188 ./drivers/fsl_sdhc.o
 .debug_ranges  0x0000000000000dd8       0x18 ./board/board.o
 .debug_ranges  0x0000000000000df0       0x40 ./board/clock_config.o
 .debug_ranges  0x0000000000000e30       0x28 ./board/pin_mux.o

.debug_macro    0x0000000000000000    0x18d58
 .debug_macro   0x0000000000000000      0x1fd ./utilities/fsl_debug_console.o
 .debug_macro   0x00000000000001fd      0x85c ./utilities/fsl_debug_console.o
 .debug_macro   0x0000000000000a59       0x58 ./utilities/fsl_debug_console.o
 .debug_macro   0x0000000000000ab1       0x58 ./utilities/fsl_debug_console.o
 .debug_macro   0x0000000000000b09       0x16 ./utilities/fsl_debug_console.o
 .debug_macro   0x0000000000000b1f       0x35 ./utilities/fsl_debug_console.o
 .debug_macro   0x0000000000000b54       0xa3 ./utilities/fsl_debug_console.o
 .debug_macro   0x0000000000000bf7       0x16 ./utilities/fsl_debug_console.o
 .debug_macro   0x0000000000000c0d      0x10e ./utilities/fsl_debug_console.o
 .debug_macro   0x0000000000000d1b       0x7f ./utilities/fsl_debug_console.o
 .debug_macro   0x0000000000000d9a       0x4a ./utilities/fsl_debug_console.o
 .debug_macro   0x0000000000000de4       0x52 ./utilities/fsl_debug_console.o
 .debug_macro   0x0000000000000e36       0x16 ./utilities/fsl_debug_console.o
 .debug_macro   0x0000000000000e4c       0x43 ./utilities/fsl_debug_console.o
 .debug_macro   0x0000000000000e8f      0x180 ./utilities/fsl_debug_console.o
 .debug_macro   0x000000000000100f       0x16 ./utilities/fsl_debug_console.o
 .debug_macro   0x0000000000001025       0x29 ./utilities/fsl_debug_console.o
 .debug_macro   0x000000000000104e      0x1e1 ./utilities/fsl_debug_console.o
 .debug_macro   0x000000000000122f       0x16 ./utilities/fsl_debug_console.o
 .debug_macro   0x0000000000001245       0x22 ./utilities/fsl_debug_console.o
 .debug_macro   0x0000000000001267      0x20f ./utilities/fsl_debug_console.o
 .debug_macro   0x0000000000001476      0x2a6 ./utilities/fsl_debug_console.o
 .debug_macro   0x000000000000171c       0x10 ./utilities/fsl_debug_console.o
 .debug_macro   0x000000000000172c       0x35 ./utilities/fsl_debug_console.o
 .debug_macro   0x0000000000001761       0x1f ./utilities/fsl_debug_console.o
 .debug_macro   0x0000000000001780       0x10 ./utilities/fsl_debug_console.o
 .debug_macro   0x0000000000001790       0x57 ./utilities/fsl_debug_console.o
 .debug_macro   0x00000000000017e7       0x3b ./utilities/fsl_debug_console.o
 .debug_macro   0x0000000000001822       0x50 ./utilities/fsl_debug_console.o
 .debug_macro   0x0000000000001872      0xd40 ./utilities/fsl_debug_console.o
 .debug_macro   0x00000000000025b2       0x40 ./utilities/fsl_debug_console.o
 .debug_macro   0x00000000000025f2    0x116ad ./utilities/fsl_debug_console.o
 .debug_macro   0x0000000000013c9f     0x1442 ./utilities/fsl_debug_console.o
 .debug_macro   0x00000000000150e1       0x2e ./utilities/fsl_debug_console.o
 .debug_macro   0x000000000001510f       0x10 ./utilities/fsl_debug_console.o
 .debug_macro   0x000000000001511f      0x16c ./utilities/fsl_debug_console.o
 .debug_macro   0x000000000001528b       0x35 ./utilities/fsl_debug_console.o
 .debug_macro   0x00000000000152c0       0x3a ./utilities/fsl_debug_console.o
 .debug_macro   0x00000000000152fa       0xa5 ./startup/system_MK82F25615.o
 .debug_macro   0x000000000001539f       0x44 ./startup/system_MK82F25615.o
 .debug_macro   0x00000000000153e3      0x1e9 ./source/main.o
 .debug_macro   0x00000000000155cc       0x16 ./source/main.o
 .debug_macro   0x00000000000155e2      0x2b8 ./source/main.o
 .debug_macro   0x000000000001589a       0x10 ./source/main.o
 .debug_macro   0x00000000000158aa       0x10 ./source/main.o
 .debug_macro   0x00000000000158ba      0x1c4 ./source/watervalve.o
 .debug_macro   0x0000000000015a7e      0x87a ./source/watervalve.o
 .debug_macro   0x00000000000162f8       0xa3 ./source/watervalve.o
 .debug_macro   0x000000000001639b       0x16 ./source/watervalve.o
 .debug_macro   0x00000000000163b1       0x28 ./source/watervalve.o
 .debug_macro   0x00000000000163d9       0x1c ./source/watervalve.o
 .debug_macro   0x00000000000163f5      0x174 ./source/watervalve.o
 .debug_macro   0x0000000000016569       0x43 ./source/watervalve.o
 .debug_macro   0x00000000000165ac      0x2ad ./source/watervalve.o
 .debug_macro   0x0000000000016859       0x35 ./source/watervalve.o
 .debug_macro   0x000000000001688e      0xd40 ./source/watervalve.o
 .debug_macro   0x00000000000175ce      0x26e ./drivers/fsl_clock.o
 .debug_macro   0x000000000001783c      0x19d ./drivers/fsl_common.o
 .debug_macro   0x00000000000179d9      0x199 ./drivers/fsl_dspi.o
 .debug_macro   0x0000000000017b72       0x40 ./drivers/fsl_dspi.o
 .debug_macro   0x0000000000017bb2      0x19f ./drivers/fsl_edma.o
 .debug_macro   0x0000000000017d51       0x16 ./drivers/fsl_edma.o
 .debug_macro   0x0000000000017d67      0x19f ./drivers/fsl_flexio.o
 .debug_macro   0x0000000000017f06       0x1c ./drivers/fsl_flexio.o
 .debug_macro   0x0000000000017f22      0x19a ./drivers/fsl_gpio.o
 .debug_macro   0x00000000000180bc      0x199 ./drivers/fsl_i2c.o
 .debug_macro   0x0000000000018255       0x10 ./drivers/fsl_i2c.o
 .debug_macro   0x0000000000018265      0x19a ./drivers/fsl_lpuart.o
 .debug_macro   0x00000000000183ff      0x199 ./drivers/fsl_sai.o
 .debug_macro   0x0000000000018598       0x11 ./drivers/fsl_sai.o
 .debug_macro   0x00000000000185a9      0x1c9 ./drivers/fsl_sdhc.o
 .debug_macro   0x0000000000018772       0x64 ./drivers/fsl_sdhc.o
 .debug_macro   0x00000000000187d6      0x1c8 ./board/board.o
 .debug_macro   0x000000000001899e       0x10 ./board/board.o
 .debug_macro   0x00000000000189ae       0x40 ./board/board.o
 .debug_macro   0x00000000000189ee      0x1a7 ./board/clock_config.o
 .debug_macro   0x0000000000018b95      0x1c3 ./board/pin_mux.o

.debug_line     0x0000000000000000     0x7d69
 .debug_line    0x0000000000000000      0x981 ./utilities/fsl_debug_console.o
 .debug_line    0x0000000000000981      0x139 ./startup/startup_MK82F25615.o
 .debug_line    0x0000000000000aba      0x2c8 ./startup/system_MK82F25615.o
 .debug_line    0x0000000000000d82      0x47e ./source/main.o
 .debug_line    0x0000000000001200      0x4a9 ./source/watervalve.o
 .debug_line    0x00000000000016a9      0xb7f ./drivers/fsl_clock.o
 .debug_line    0x0000000000002228      0x3e6 ./drivers/fsl_common.o
 .debug_line    0x000000000000260e      0xba1 ./drivers/fsl_dspi.o
 .debug_line    0x00000000000031af      0xd81 ./drivers/fsl_edma.o
 .debug_line    0x0000000000003f30      0x568 ./drivers/fsl_flexio.o
 .debug_line    0x0000000000004498      0x401 ./drivers/fsl_gpio.o
 .debug_line    0x0000000000004899      0xac4 ./drivers/fsl_i2c.o
 .debug_line    0x000000000000535d      0x9b7 ./drivers/fsl_lpuart.o
 .debug_line    0x0000000000005d14      0x941 ./drivers/fsl_sai.o
 .debug_line    0x0000000000006655      0xab1 ./drivers/fsl_sdhc.o
 .debug_line    0x0000000000007106      0x3fb ./board/board.o
 .debug_line    0x0000000000007501      0x445 ./board/clock_config.o
 .debug_line    0x0000000000007946      0x423 ./board/pin_mux.o

.debug_str      0x0000000000000000    0xa0e00
 .debug_str     0x0000000000000000    0x9568b ./utilities/fsl_debug_console.o
                                      0x95a5a (size before relaxing)
 .debug_str     0x000000000009568b      0x206 ./startup/system_MK82F25615.o
                                      0x912d8 (size before relaxing)
 .debug_str     0x0000000000095891     0x10eb ./source/main.o
                                      0x956fd (size before relaxing)
 .debug_str     0x000000000009697c      0xd1d ./source/watervalve.o
                                      0x96024 (size before relaxing)
 .debug_str     0x0000000000097699     0x1e83 ./drivers/fsl_clock.o
                                      0x965b5 (size before relaxing)
 .debug_str     0x000000000009951c       0xc0 ./drivers/fsl_common.o
                                      0x94a6d (size before relaxing)
 .debug_str     0x00000000000995dc     0x12b2 ./drivers/fsl_dspi.o
                                      0x96335 (size before relaxing)
 .debug_str     0x000000000009a88e     0x12be ./drivers/fsl_edma.o
                                      0x9636e (size before relaxing)
 .debug_str     0x000000000009bb4c     0x1377 ./drivers/fsl_flexio.o
                                      0x95d32 (size before relaxing)
 .debug_str     0x000000000009cec3       0xa1 ./drivers/fsl_gpio.o
                                      0x946ff (size before relaxing)
 .debug_str     0x000000000009cf64      0xbdf ./drivers/fsl_i2c.o
                                      0x95c91 (size before relaxing)
 .debug_str     0x000000000009db43      0xb20 ./drivers/fsl_lpuart.o
                                      0x95d95 (size before relaxing)
 .debug_str     0x000000000009e663      0x9f5 ./drivers/fsl_sai.o
                                      0x95ade (size before relaxing)
 .debug_str     0x000000000009f058     0x18b4 ./drivers/fsl_sdhc.o
                                      0x96981 (size before relaxing)
 .debug_str     0x00000000000a090c       0x4c ./board/board.o
                                      0x95446 (size before relaxing)
 .debug_str     0x00000000000a0958      0x31e ./board/clock_config.o
                                      0x94d09 (size before relaxing)
 .debug_str     0x00000000000a0c76      0x18a ./board/pin_mux.o
                                      0x95710 (size before relaxing)

.comment        0x0000000000000000       0x70
 .comment       0x0000000000000000       0x70 ./utilities/fsl_debug_console.o
                                         0x71 (size before relaxing)
 .comment       0x0000000000000000       0x71 ./startup/system_MK82F25615.o
 .comment       0x0000000000000000       0x71 ./source/main.o
 .comment       0x0000000000000000       0x71 ./source/watervalve.o
 .comment       0x0000000000000000       0x71 ./drivers/fsl_clock.o
 .comment       0x0000000000000000       0x71 ./drivers/fsl_common.o
 .comment       0x0000000000000000       0x71 ./drivers/fsl_dspi.o
 .comment       0x0000000000000000       0x71 ./drivers/fsl_edma.o
 .comment       0x0000000000000000       0x71 ./drivers/fsl_flexio.o
 .comment       0x0000000000000000       0x71 ./drivers/fsl_gpio.o
 .comment       0x0000000000000000       0x71 ./drivers/fsl_i2c.o
 .comment       0x0000000000000000       0x71 ./drivers/fsl_lpuart.o
 .comment       0x0000000000000000       0x71 ./drivers/fsl_sai.o
 .comment       0x0000000000000000       0x71 ./drivers/fsl_sdhc.o
 .comment       0x0000000000000000       0x71 ./board/board.o
 .comment       0x0000000000000000       0x71 ./board/clock_config.o
 .comment       0x0000000000000000       0x71 ./board/pin_mux.o

.debug_frame    0x0000000000000000     0x3898
 .debug_frame   0x0000000000000000      0x214 ./utilities/fsl_debug_console.o
 .debug_frame   0x0000000000000214       0x44 ./startup/system_MK82F25615.o
 .debug_frame   0x0000000000000258       0x9c ./source/main.o
 .debug_frame   0x00000000000002f4      0x12c ./source/watervalve.o
 .debug_frame   0x0000000000000420      0x6e4 ./drivers/fsl_clock.o
 .debug_frame   0x0000000000000b04       0x4c ./drivers/fsl_common.o
 .debug_frame   0x0000000000000b50      0x5f8 ./drivers/fsl_dspi.o
 .debug_frame   0x0000000000001148      0x9f8 ./drivers/fsl_edma.o
 .debug_frame   0x0000000000001b40      0x1ec ./drivers/fsl_flexio.o
 .debug_frame   0x0000000000001d2c       0xac ./drivers/fsl_gpio.o
 .debug_frame   0x0000000000001dd8      0x570 ./drivers/fsl_i2c.o
 .debug_frame   0x0000000000002348      0x504 ./drivers/fsl_lpuart.o
 .debug_frame   0x000000000000284c      0x4e0 ./drivers/fsl_sai.o
 .debug_frame   0x0000000000002d2c      0x5c8 ./drivers/fsl_sdhc.o
 .debug_frame   0x00000000000032f4       0x4c ./board/board.o
 .debug_frame   0x0000000000003340       0xd0 ./board/clock_config.o
 .debug_frame   0x0000000000003410       0x88 ./board/pin_mux.o
 .debug_frame   0x0000000000003498       0x30 /Applications/KDS_v3.app/Contents/toolchain/bin/../lib/gcc/arm-none-eabi/4.8.4/../../../../arm-none-eabi/lib/armv7e-m/fpu/libm.a(lib_a-s_modf.o)
 .debug_frame   0x00000000000034c8       0x40 /Applications/KDS_v3.app/Contents/toolchain/bin/../lib/gcc/arm-none-eabi/4.8.4/../../../../arm-none-eabi/lib/armv7e-m/fpu/libm.a(lib_a-w_pow.o)
 .debug_frame   0x0000000000003508       0x44 /Applications/KDS_v3.app/Contents/toolchain/bin/../lib/gcc/arm-none-eabi/4.8.4/../../../../arm-none-eabi/lib/armv7e-m/fpu/libm.a(lib_a-e_pow.o)
 .debug_frame   0x000000000000354c       0x3c /Applications/KDS_v3.app/Contents/toolchain/bin/../lib/gcc/arm-none-eabi/4.8.4/../../../../arm-none-eabi/lib/armv7e-m/fpu/libm.a(lib_a-e_sqrt.o)
 .debug_frame   0x0000000000003588       0x20 /Applications/KDS_v3.app/Contents/toolchain/bin/../lib/gcc/arm-none-eabi/4.8.4/../../../../arm-none-eabi/lib/armv7e-m/fpu/libm.a(lib_a-s_fabs.o)
 .debug_frame   0x00000000000035a8       0x20 /Applications/KDS_v3.app/Contents/toolchain/bin/../lib/gcc/arm-none-eabi/4.8.4/../../../../arm-none-eabi/lib/armv7e-m/fpu/libm.a(lib_a-s_finite.o)
 .debug_frame   0x00000000000035c8       0x28 /Applications/KDS_v3.app/Contents/toolchain/bin/../lib/gcc/arm-none-eabi/4.8.4/../../../../arm-none-eabi/lib/armv7e-m/fpu/libm.a(lib_a-s_fpclassify.o)